---
http_interactions:
- request:
    method: post
    uri: https://appsignal-endpoint.net/errors?api_key=<APPSIGNAL_FRONTEND_API_KEY>
    body:
      encoding: UTF-8
      string: '{"action":"log_message","path":"/","exception":{"name":"LogMessage","message":"Critical
        error from Lapsoss","backtrace":[]},"tags":{"source":"test"},"params":{},"environment":{"hostname":"<HOSTNAME>","app_name":"lapsoss-test","environment":null},"breadcrumbs":[]}'
    headers:
      User-Agent:
      - lapsoss/<VERSION>
      Content-Type:
      - application/json; charset=UTF-8
      Accept-Encoding:
      - gzip;q=1.0,deflate;q=0.6,identity;q=0.3
      Accept:
      - "*/*"
  response:
    status:
      code: 200
      message: OK
    headers:
      Server:
      - nginx
      Date:
      - Tue, 09 Sep 2025 18:02:03 GMT
      Content-Length:
      - '0'
      Connection:
      - close
      Vary:
      - origin, access-control-request-method, access-control-request-headers
      Access-Control-Allow-Origin:
      - "*"
      Access-Control-Expose-Headers:
      - "*"
      X-Appsignal-Max-Body:
      - 500k
    body:
      encoding: UTF-8
      string: ''
  recorded_at: Tue, 09 Sep 2025 18:02:03 GMT
- request:
    method: post
    uri: https://appsignal-endpoint.net/errors?api_key=<APPSIGNAL_FRONTEND_API_KEY>
    body:
      encoding: UTF-8
      string: '{"action":"log_message","path":"/","exception":{"name":"LogMessage","message":"Critical
        error from Lapsoss","backtrace":[]},"tags":{"source":"test"},"params":{},"environment":{"hostname":"<HOSTNAME>","app_name":"lapsoss-test","environment":null},"breadcrumbs":[]}'
    headers:
      User-Agent:
      - lapsoss/<VERSION>
      Content-Type:
      - application/json; charset=UTF-8
      Accept-Encoding:
      - gzip;q=1.0,deflate;q=0.6,identity;q=0.3
      Accept:
      - "*/*"
  response:
    status:
      code: 200
      message: OK
    headers:
      Server:
      - nginx
      Date:
      - Tue, 09 Sep 2025 18:02:44 GMT
      Content-Length:
      - '0'
      Connection:
      - close
      Vary:
      - origin, access-control-request-method, access-control-request-headers
      Access-Control-Allow-Origin:
      - "*"
      Access-Control-Expose-Headers:
      - "*"
      X-Appsignal-Max-Body:
      - 500k
    body:
      encoding: UTF-8
      string: ''
  recorded_at: Tue, 09 Sep 2025 18:02:44 GMT
- request:
    method: post
    uri: https://appsignal-endpoint.net/errors?api_key=<APPSIGNAL_FRONTEND_API_KEY>
    body:
      encoding: UTF-8
      string: '{"action":"log_message","path":"/","exception":{"name":"LogMessage","message":"Critical
        error from Lapsoss","backtrace":[]},"tags":{"source":"test"},"params":{},"environment":{"hostname":"<HOSTNAME>","app_name":"lapsoss-test","environment":null},"breadcrumbs":[]}'
    headers:
      User-Agent:
      - lapsoss/<VERSION>
      Content-Type:
      - application/json; charset=UTF-8
      Accept-Encoding:
      - gzip;q=1.0,deflate;q=0.6,identity;q=0.3
      Accept:
      - "*/*"
  response:
    status:
      code: 200
      message: OK
    headers:
      Server:
      - nginx
      Date:
      - Fri, 12 Sep 2025 11:08:02 GMT
      Content-Length:
      - '0'
      Connection:
      - close
      Vary:
      - origin, access-control-request-method, access-control-request-headers
      Access-Control-Allow-Origin:
      - "*"
      Access-Control-Expose-Headers:
      - "*"
      X-Appsignal-Max-Body:
      - 500k
    body:
      encoding: UTF-8
      string: ''
  recorded_at: Fri, 12 Sep 2025 11:08:02 GMT
- request:
    method: post
    uri: https://appsignal-endpoint.net/errors?api_key=<APPSIGNAL_FRONTEND_API_KEY>
    body:
      encoding: UTF-8
      string: '{"action":"log_message","path":"/","exception":{"name":"LogMessage","message":"Critical
        error from Lapsoss","backtrace":[]},"tags":{"source":"test"},"params":{},"environment":{"hostname":"<HOSTNAME>","app_name":"lapsoss-test","environment":null},"breadcrumbs":[]}'
    headers:
      User-Agent:
      - lapsoss/<VERSION>
      Content-Type:
      - application/json; charset=UTF-8
      Accept-Encoding:
      - gzip;q=1.0,deflate;q=0.6,identity;q=0.3
      Accept:
      - "*/*"
  response:
    status:
      code: 200
      message: OK
    headers:
      Server:
      - nginx
      Date:
      - Fri, 12 Sep 2025 14:13:31 GMT
      Content-Length:
      - '0'
      Connection:
      - close
      Vary:
      - origin, access-control-request-method, access-control-request-headers
      Access-Control-Allow-Origin:
      - "*"
      Access-Control-Expose-Headers:
      - "*"
      X-Appsignal-Max-Body:
      - 500k
    body:
      encoding: UTF-8
      string: ''
  recorded_at: Fri, 12 Sep 2025 14:13:31 GMT
- request:
    method: post
    uri: https://appsignal-endpoint.net/errors?api_key=<APPSIGNAL_FRONTEND_API_KEY>
    body:
      encoding: UTF-8
      string: '{"action":"log_message","path":"/","exception":{"name":"LogMessage","message":"Critical
        error from Lapsoss","backtrace":[]},"tags":{"source":"test"},"params":{},"environment":{"hostname":"<HOSTNAME>","app_name":"lapsoss-test","environment":null},"breadcrumbs":[]}'
    headers:
      User-Agent:
      - lapsoss/<VERSION>
      Content-Type:
      - application/json; charset=UTF-8
      Accept-Encoding:
      - gzip;q=1.0,deflate;q=0.6,identity;q=0.3
      Accept:
      - "*/*"
  response:
    status:
      code: 200
      message: OK
    headers:
      Server:
      - nginx
      Date:
      - Mon, 08 Dec 2025 01:24:34 GMT
      Content-Length:
      - '0'
      Connection:
      - close
      Vary:
      - origin, access-control-request-method, access-control-request-headers
      Access-Control-Allow-Origin:
      - "*"
      Access-Control-Expose-Headers:
      - "*"
      X-Appsignal-Max-Body:
      - 500k
    body:
      encoding: UTF-8
      string: ''
  recorded_at: Mon, 08 Dec 2025 01:24:34 GMT
recorded_with: VCR 6.3.1
