---
http_interactions:
- request:
    method: post
    uri: https://api.rollbar.com/api/1/item/
    body:
      encoding: UTF-8
      string: '{"data":{"environment":"development","body":{"trace":{"frames":[],"exception":{"class":"StandardError","message":"Test
        error from Lapsoss","description":"Test error from Lapsoss"}}},"level":"info","timestamp":1751869084,"platform":"ruby","language":"ruby","framework":"rails","context":null,"request":null,"person":null,"custom":{},"title":"Test
        error from Lapsoss","uuid":"a8785838-5d73-4616-aa55-878ea0adb22f","notifier":{"name":"lapsoss","version":"0.1.0"}}}'
    headers:
      Accept-Encoding:
      - gzip;q=1.0,deflate;q=0.6,identity;q=0.3
      Accept:
      - "*/*"
      User-Agent:
      - lapsoss/0.1.0
      Content-Type:
      - application/json
      X-Rollbar-Access-Token:
      - "<ROLLBAR_ACCESS_TOKEN>"
  response:
    status:
      code: 401
      message: Unauthorized
    headers:
      Server:
      - nginx/1.17.9
      Date:
      - Mon, 07 Jul 2025 06:18:05 GMT
      Content-Type:
      - application/json; charset=utf-8
      Content-Length:
      - '52'
      Access-Control-Allow-Origin:
      - "*"
      Access-Control-Allow-Credentials:
      - 'true'
      Etag:
      - W/"34-q2H4gvxY9rJaKikg7rdTPg"
      X-Response-Time:
      - 0.754ms
      Via:
      - 1.1 google
      Alt-Svc:
      - h3=":443"; ma=2592000,h3-29=":443"; ma=2592000
    body:
      encoding: UTF-8
      string: |-
        {
          "err": 1,
          "message": "access token required"
        }
  recorded_at: Mon, 07 Jul 2025 06:18:05 GMT
- request:
    method: post
    uri: https://api.rollbar.com/api/1/item/
    body:
      encoding: UTF-8
      string: '{"data":{"environment":"development","body":{"trace":{"frames":[],"exception":{"class":"StandardError","message":"Test
        error from Lapsoss","description":"Test error from Lapsoss"}}},"level":"info","timestamp":1751869284,"platform":"ruby","language":"ruby","framework":"rails","context":null,"request":null,"person":null,"custom":{},"title":"Test
        error from Lapsoss","uuid":"cb984686-8e6a-4199-a982-07932a1b6ab9","notifier":{"name":"lapsoss","version":"0.1.0"}}}'
    headers:
      Accept-Encoding:
      - gzip;q=1.0,deflate;q=0.6,identity;q=0.3
      Accept:
      - "*/*"
      User-Agent:
      - lapsoss/0.1.0
      Content-Type:
      - application/json
      X-Rollbar-Access-Token:
      - "<ROLLBAR_ACCESS_TOKEN>"
  response:
    status:
      code: 401
      message: Unauthorized
    headers:
      Server:
      - nginx/1.17.9
      Date:
      - Mon, 07 Jul 2025 06:21:24 GMT
      Content-Type:
      - application/json; charset=utf-8
      Content-Length:
      - '52'
      Access-Control-Allow-Origin:
      - "*"
      Access-Control-Allow-Credentials:
      - 'true'
      Etag:
      - W/"34-q2H4gvxY9rJaKikg7rdTPg"
      X-Response-Time:
      - 0.874ms
      Via:
      - 1.1 google
      Alt-Svc:
      - h3=":443"; ma=2592000,h3-29=":443"; ma=2592000
    body:
      encoding: UTF-8
      string: |-
        {
          "err": 1,
          "message": "access token required"
        }
  recorded_at: Mon, 07 Jul 2025 06:21:24 GMT
- request:
    method: post
    uri: https://api.rollbar.com/api/1/item/
    body:
      encoding: UTF-8
      string: '{"data":{"environment":"development","body":{"trace":{"frames":[],"exception":{"class":"StandardError","message":"Test
        error from Lapsoss","description":"Test error from Lapsoss"}}},"level":"info","timestamp":1751870861,"platform":"ruby","language":"ruby","framework":"rails","context":null,"request":null,"person":null,"custom":{},"title":"Test
        error from Lapsoss","uuid":"1c0552c5-05a1-4342-a6b2-d49c704a22f1","notifier":{"name":"lapsoss","version":"0.1.0"}}}'
    headers:
      Accept-Encoding:
      - gzip;q=1.0,deflate;q=0.6,identity;q=0.3
      Accept:
      - "*/*"
      User-Agent:
      - lapsoss/0.1.0
      Content-Type:
      - application/json
      X-Rollbar-Access-Token:
      - "<ROLLBAR_ACCESS_TOKEN>"
  response:
    status:
      code: 200
      message: OK
    headers:
      Server:
      - nginx/1.17.9
      Date:
      - Mon, 07 Jul 2025 06:47:41 GMT
      Content-Type:
      - application/json; charset=utf-8
      Content-Length:
      - '100'
      Access-Control-Allow-Origin:
      - "*"
      Access-Control-Allow-Credentials:
      - 'true'
      X-Rate-Limit-Limit:
      - '50000'
      X-Rate-Limit-Remaining:
      - '49995'
      X-Rate-Limit-Remaining-Seconds:
      - '19'
      X-Rate-Limit-Reset:
      - '1751870880'
      Access-Control-Expose-Headers:
      - Rollbar-Replay-Enabled, Rollbar-Replay-RateLimit-Remaining, Rollbar-Replay-RateLimit-Reset
      Etag:
      - W/"64-4HDSB8l/axM6ZhUFdLYFUw"
      X-Response-Time:
      - 15.987ms
      Via:
      - 1.1 google
      Alt-Svc:
      - h3=":443"; ma=2592000,h3-29=":443"; ma=2592000
    body:
      encoding: UTF-8
      string: |-
        {
          "err": 0,
          "result": {
            "id": null,
            "uuid": "1c0552c5-05a1-4342-a6b2-d49c704a22f1"
          }
        }
  recorded_at: Mon, 07 Jul 2025 06:47:41 GMT
- request:
    method: post
    uri: https://api.rollbar.com/api/1/item/
    body:
      encoding: UTF-8
      string: '{"data":{"environment":"development","body":{"trace":{"frames":[],"exception":{"class":"StandardError","message":"Test
        error from Lapsoss","description":"Test error from Lapsoss"}}},"level":"info","timestamp":1751870877,"platform":"ruby","language":"ruby","framework":"rails","context":null,"request":null,"person":null,"custom":{},"title":"Test
        error from Lapsoss","uuid":"ceab67c1-da65-444a-a218-625110f61f21","notifier":{"name":"lapsoss","version":"0.1.0"}}}'
    headers:
      Accept-Encoding:
      - gzip;q=1.0,deflate;q=0.6,identity;q=0.3
      Accept:
      - "*/*"
      User-Agent:
      - lapsoss/0.1.0
      Content-Type:
      - application/json
      X-Rollbar-Access-Token:
      - "<ROLLBAR_ACCESS_TOKEN>"
  response:
    status:
      code: 200
      message: OK
    headers:
      Server:
      - nginx/1.17.9
      Date:
      - Mon, 07 Jul 2025 06:47:57 GMT
      Content-Type:
      - application/json; charset=utf-8
      Content-Length:
      - '100'
      Access-Control-Allow-Origin:
      - "*"
      Access-Control-Allow-Credentials:
      - 'true'
      X-Rate-Limit-Limit:
      - '50000'
      X-Rate-Limit-Remaining:
      - '49991'
      X-Rate-Limit-Remaining-Seconds:
      - '3'
      X-Rate-Limit-Reset:
      - '1751870880'
      Access-Control-Expose-Headers:
      - Rollbar-Replay-Enabled, Rollbar-Replay-RateLimit-Remaining, Rollbar-Replay-RateLimit-Reset
      Etag:
      - W/"64-BXswM0CcC5PcUNVUImZyZg"
      X-Response-Time:
      - 20.431ms
      Via:
      - 1.1 google
      Alt-Svc:
      - h3=":443"; ma=2592000,h3-29=":443"; ma=2592000
    body:
      encoding: UTF-8
      string: |-
        {
          "err": 0,
          "result": {
            "id": null,
            "uuid": "ceab67c1-da65-444a-a218-625110f61f21"
          }
        }
  recorded_at: Mon, 07 Jul 2025 06:47:57 GMT
- request:
    method: post
    uri: https://api.rollbar.com/api/1/item/
    body:
      encoding: UTF-8
      string: '{"data":{"environment":"development","body":{"trace":{"frames":[],"exception":{"class":"StandardError","message":"Test
        error from Lapsoss","description":"Test error from Lapsoss"}}},"level":"info","timestamp":1751871032,"platform":"ruby","language":"ruby","framework":"rails","context":null,"request":null,"person":null,"custom":{},"title":"Test
        error from Lapsoss","uuid":"b75eb5b8-c081-45df-bee3-1933e1233d22","notifier":{"name":"lapsoss","version":"0.1.0"}}}'
    headers:
      Accept-Encoding:
      - gzip;q=1.0,deflate;q=0.6,identity;q=0.3
      Accept:
      - "*/*"
      User-Agent:
      - lapsoss/0.1.0
      Content-Type:
      - application/json
      X-Rollbar-Access-Token:
      - "<ROLLBAR_ACCESS_TOKEN>"
  response:
    status:
      code: 401
      message: Unauthorized
    headers:
      Server:
      - nginx/1.17.9
      Date:
      - Mon, 07 Jul 2025 06:50:32 GMT
      Content-Type:
      - application/json; charset=utf-8
      Content-Length:
      - '52'
      Access-Control-Allow-Origin:
      - "*"
      Access-Control-Allow-Credentials:
      - 'true'
      Etag:
      - W/"34-q2H4gvxY9rJaKikg7rdTPg"
      X-Response-Time:
      - 0.652ms
      Via:
      - 1.1 google
      Alt-Svc:
      - h3=":443"; ma=2592000,h3-29=":443"; ma=2592000
    body:
      encoding: UTF-8
      string: |-
        {
          "err": 1,
          "message": "access token required"
        }
  recorded_at: Mon, 07 Jul 2025 06:50:32 GMT
- request:
    method: post
    uri: https://api.rollbar.com/api/1/item/
    body:
      encoding: UTF-8
      string: '{"data":{"environment":"development","body":{"trace":{"frames":[],"exception":{"class":"StandardError","message":"Test
        error from Lapsoss","description":"Test error from Lapsoss"}}},"level":"info","timestamp":1751887050,"platform":"ruby","language":"ruby","framework":"rails","context":null,"request":null,"person":null,"custom":{},"title":"Test
        error from Lapsoss","uuid":"0f25dd55-da8b-46a1-919c-29b28b5878ad","notifier":{"name":"lapsoss","version":"0.1.0"}}}'
    headers:
      Accept-Encoding:
      - gzip;q=1.0,deflate;q=0.6,identity;q=0.3
      Accept:
      - "*/*"
      User-Agent:
      - lapsoss/0.1.0
      Content-Type:
      - application/json
      X-Rollbar-Access-Token:
      - "<ROLLBAR_ACCESS_TOKEN>"
  response:
    status:
      code: 401
      message: Unauthorized
    headers:
      Server:
      - nginx/1.17.9
      Date:
      - Mon, 07 Jul 2025 11:17:30 GMT
      Content-Type:
      - application/json; charset=utf-8
      Content-Length:
      - '51'
      Access-Control-Allow-Origin:
      - "*"
      Access-Control-Allow-Credentials:
      - 'true'
      Etag:
      - W/"33-B1+irAWVS0vJXv2TX/BEXA"
      X-Response-Time:
      - 2.721ms
      Via:
      - 1.1 google
      Alt-Svc:
      - h3=":443"; ma=2592000,h3-29=":443"; ma=2592000
    body:
      encoding: UTF-8
      string: |-
        {
          "err": 1,
          "message": "invalid access token"
        }
  recorded_at: Mon, 07 Jul 2025 11:17:30 GMT
- request:
    method: post
    uri: https://api.rollbar.com/api/1/item/
    body:
      encoding: UTF-8
      string: '{"data":{"environment":"development","body":{"trace":{"frames":[],"exception":{"class":"StandardError","message":"Test
        error from Lapsoss","description":"Test error from Lapsoss"}}},"level":"info","timestamp":1751887305,"platform":"ruby","language":"ruby","framework":"rails","context":null,"request":null,"person":null,"custom":{},"title":"Test
        error from Lapsoss","uuid":"f5429bc1-f560-4471-aae2-1816a3b58a90","notifier":{"name":"lapsoss","version":"0.1.0"}}}'
    headers:
      Accept-Encoding:
      - gzip;q=1.0,deflate;q=0.6,identity;q=0.3
      Accept:
      - "*/*"
      User-Agent:
      - lapsoss/0.1.0
      Content-Type:
      - application/json
      X-Rollbar-Access-Token:
      - "<ROLLBAR_ACCESS_TOKEN>"
  response:
    status:
      code: 401
      message: Unauthorized
    headers:
      Server:
      - nginx/1.17.9
      Date:
      - Mon, 07 Jul 2025 11:21:45 GMT
      Content-Type:
      - application/json; charset=utf-8
      Content-Length:
      - '51'
      Access-Control-Allow-Origin:
      - "*"
      Access-Control-Allow-Credentials:
      - 'true'
      Etag:
      - W/"33-B1+irAWVS0vJXv2TX/BEXA"
      X-Response-Time:
      - 3.236ms
      Via:
      - 1.1 google
      Alt-Svc:
      - h3=":443"; ma=2592000,h3-29=":443"; ma=2592000
    body:
      encoding: UTF-8
      string: |-
        {
          "err": 1,
          "message": "invalid access token"
        }
  recorded_at: Mon, 07 Jul 2025 11:21:45 GMT
- request:
    method: post
    uri: https://api.rollbar.com/api/1/item/
    body:
      encoding: UTF-8
      string: '{"data":{"environment":"development","body":{"trace":{"frames":[],"exception":{"class":"StandardError","message":"Test
        error from Lapsoss","description":"Test error from Lapsoss"}}},"level":"info","timestamp":1751887398,"platform":"ruby","language":"ruby","framework":"rails","context":null,"request":null,"person":null,"custom":{},"title":"Test
        error from Lapsoss","uuid":"4bb77283-b7fa-4c4a-8588-d7bf5de982e6","notifier":{"name":"lapsoss","version":"0.1.0"}}}'
    headers:
      Accept-Encoding:
      - gzip;q=1.0,deflate;q=0.6,identity;q=0.3
      Accept:
      - "*/*"
      User-Agent:
      - lapsoss/0.1.0
      Content-Type:
      - application/json
      X-Rollbar-Access-Token:
      - "<ROLLBAR_ACCESS_TOKEN>"
  response:
    status:
      code: 401
      message: Unauthorized
    headers:
      Server:
      - nginx/1.17.9
      Date:
      - Mon, 07 Jul 2025 11:23:18 GMT
      Content-Type:
      - application/json; charset=utf-8
      Content-Length:
      - '51'
      Access-Control-Allow-Origin:
      - "*"
      Access-Control-Allow-Credentials:
      - 'true'
      Etag:
      - W/"33-B1+irAWVS0vJXv2TX/BEXA"
      X-Response-Time:
      - 1.578ms
      Via:
      - 1.1 google
      Alt-Svc:
      - h3=":443"; ma=2592000,h3-29=":443"; ma=2592000
    body:
      encoding: UTF-8
      string: |-
        {
          "err": 1,
          "message": "invalid access token"
        }
  recorded_at: Mon, 07 Jul 2025 11:23:18 GMT
- request:
    method: post
    uri: https://api.rollbar.com/api/1/item/
    body:
      encoding: UTF-8
      string: '{"data":{"environment":"development","body":{"trace":{"frames":[],"exception":{"class":"StandardError","message":"Test
        error from Lapsoss","description":"Test error from Lapsoss"}}},"level":"info","timestamp":1751890657,"platform":"ruby","language":"ruby","framework":"rails","context":null,"request":null,"person":null,"custom":{},"title":"Test
        error from Lapsoss","uuid":"90dc873c-c170-4d96-8b86-8b1046d5df28","notifier":{"name":"lapsoss","version":"0.1.0"}}}'
    headers:
      Accept-Encoding:
      - gzip;q=1.0,deflate;q=0.6,identity;q=0.3
      Accept:
      - "*/*"
      User-Agent:
      - lapsoss/0.1.0
      Content-Type:
      - application/json
      X-Rollbar-Access-Token:
      - "<ROLLBAR_ACCESS_TOKEN>"
  response:
    status:
      code: 401
      message: Unauthorized
    headers:
      Server:
      - nginx/1.17.9
      Date:
      - Mon, 07 Jul 2025 12:17:38 GMT
      Content-Type:
      - application/json; charset=utf-8
      Content-Length:
      - '51'
      Access-Control-Allow-Origin:
      - "*"
      Access-Control-Allow-Credentials:
      - 'true'
      Etag:
      - W/"33-B1+irAWVS0vJXv2TX/BEXA"
      X-Response-Time:
      - 2.970ms
      Via:
      - 1.1 google
      Alt-Svc:
      - h3=":443"; ma=2592000,h3-29=":443"; ma=2592000
    body:
      encoding: UTF-8
      string: |-
        {
          "err": 1,
          "message": "invalid access token"
        }
  recorded_at: Mon, 07 Jul 2025 12:17:38 GMT
- request:
    method: post
    uri: https://api.rollbar.com/api/1/item/
    body:
      encoding: UTF-8
      string: '{"data":{"environment":"development","body":{"trace":{"frames":[{"filename":"vcr.rb","lineno":194,"method":"use_cassette''"},{"filename":"vcr/util/variable_args_block_caller.rb","lineno":9,"method":"call_block''"},{"filename":"test/test_rollbar_adapter.rb","lineno":11,"method":"''block
        in <class:TestRollbarAdapter>''","code":"    VCR.use_cassette(\"rollbar_capture_exception\")
        do"}],"exception":{"class":"StandardError","message":"Test error from Lapsoss","description":"Test
        error from Lapsoss"}}},"level":"info","timestamp":1752006802,"platform":"ruby","language":"ruby","framework":"rails","context":null,"request":null,"person":null,"custom":{},"title":"Test
        error from Lapsoss","uuid":"d026312e-1563-4f3a-88ad-ff16c2ac0f23","notifier":{"name":"lapsoss","version":"0.1.0"}}}'
    headers:
      Accept-Encoding:
      - gzip;q=1.0,deflate;q=0.6,identity;q=0.3
      Accept:
      - "*/*"
      User-Agent:
      - lapsoss/0.1.0
      Content-Type:
      - application/json
      X-Rollbar-Access-Token:
      - "<ROLLBAR_ACCESS_TOKEN>"
  response:
    status:
      code: 401
      message: Unauthorized
    headers:
      Server:
      - nginx/1.17.9
      Date:
      - Tue, 08 Jul 2025 20:33:23 GMT
      Content-Type:
      - application/json; charset=utf-8
      Content-Length:
      - '51'
      Access-Control-Allow-Origin:
      - "*"
      Access-Control-Allow-Credentials:
      - 'true'
      Etag:
      - W/"33-B1+irAWVS0vJXv2TX/BEXA"
      X-Response-Time:
      - 14.038ms
      Via:
      - 1.1 google
      Alt-Svc:
      - h3=":443"; ma=2592000,h3-29=":443"; ma=2592000
    body:
      encoding: UTF-8
      string: |-
        {
          "err": 1,
          "message": "invalid access token"
        }
  recorded_at: Tue, 08 Jul 2025 20:33:23 GMT
- request:
    method: post
    uri: https://api.rollbar.com/api/1/item/
    body:
      encoding: UTF-8
      string: '{"data":{"environment":"development","body":{"trace":{"frames":[{"filename":"vcr.rb","lineno":194,"method":"use_cassette''"},{"filename":"vcr/util/variable_args_block_caller.rb","lineno":9,"method":"call_block''"},{"filename":"test/test_rollbar_adapter.rb","lineno":11,"method":"''block
        in <class:TestRollbarAdapter>''","code":"    VCR.use_cassette(\"rollbar_capture_exception\")
        do"}],"exception":{"class":"StandardError","message":"Test error from Lapsoss","description":"Test
        error from Lapsoss"}}},"level":"info","timestamp":1752006855,"platform":"ruby","language":"ruby","framework":"rails","context":null,"request":null,"person":null,"custom":{},"title":"Test
        error from Lapsoss","uuid":"f6bc5d35-82a6-4300-9280-26d69f23c99e","notifier":{"name":"lapsoss","version":"0.1.0"}}}'
    headers:
      Accept-Encoding:
      - gzip;q=1.0,deflate;q=0.6,identity;q=0.3
      Accept:
      - "*/*"
      User-Agent:
      - lapsoss/0.1.0
      Content-Type:
      - application/json
      X-Rollbar-Access-Token:
      - "<ROLLBAR_ACCESS_TOKEN>"
  response:
    status:
      code: 401
      message: Unauthorized
    headers:
      Server:
      - nginx/1.17.9
      Date:
      - Tue, 08 Jul 2025 20:34:15 GMT
      Content-Type:
      - application/json; charset=utf-8
      Content-Length:
      - '51'
      Access-Control-Allow-Origin:
      - "*"
      Access-Control-Allow-Credentials:
      - 'true'
      Etag:
      - W/"33-B1+irAWVS0vJXv2TX/BEXA"
      X-Response-Time:
      - 3.753ms
      Via:
      - 1.1 google
      Alt-Svc:
      - h3=":443"; ma=2592000,h3-29=":443"; ma=2592000
    body:
      encoding: UTF-8
      string: |-
        {
          "err": 1,
          "message": "invalid access token"
        }
  recorded_at: Tue, 08 Jul 2025 20:34:15 GMT
- request:
    method: post
    uri: https://api.rollbar.com/api/1/item/
    body:
      encoding: UTF-8
      string: '{"data":{"environment":"development","body":{"trace":{"frames":[{"filename":"rollbar_adapter_test.rb","lineno":11,"method":"block
        in <class:RollbarAdapterTest>"},{"filename":"vcr.rb","lineno":194,"method":"use_cassette"},{"filename":"vcr/util/variable_args_block_caller.rb","lineno":9,"method":"call_block"}],"exception":{"class":"StandardError","message":"Test
        error from Lapsoss","description":"Test error from Lapsoss"}}},"level":"info","timestamp":1752074769,"platform":"ruby","language":"ruby","framework":"ruby","context":null,"request":null,"person":null,"custom":{},"title":"Test
        error from Lapsoss","uuid":"90f340c9-ea7c-4123-aa6e-3372ffcf602f","notifier":{"name":"lapsoss","version":"0.1.0"}}}'
    headers:
      User-Agent:
      - lapsoss/0.1.0
      Content-Type:
      - application/json
      X-Rollbar-Access-Token:
      - "<ROLLBAR_ACCESS_TOKEN>"
      Accept-Encoding:
      - gzip;q=1.0,deflate;q=0.6,identity;q=0.3
      Accept:
      - "*/*"
  response:
    status:
      code: 401
      message: Unauthorized
    headers:
      Server:
      - nginx/1.17.9
      Date:
      - Wed, 09 Jul 2025 15:26:09 GMT
      Content-Type:
      - application/json; charset=utf-8
      Content-Length:
      - '51'
      Access-Control-Allow-Origin:
      - "*"
      Access-Control-Allow-Credentials:
      - 'true'
      Etag:
      - W/"33-B1+irAWVS0vJXv2TX/BEXA"
      X-Response-Time:
      - 4.129ms
      Via:
      - 1.1 google
      Alt-Svc:
      - h3=":443"; ma=2592000,h3-29=":443"; ma=2592000
    body:
      encoding: UTF-8
      string: |-
        {
          "err": 1,
          "message": "invalid access token"
        }
  recorded_at: Wed, 09 Jul 2025 15:26:09 GMT
- request:
    method: post
    uri: https://api.rollbar.com/api/1/item/
    body:
      encoding: UTF-8
      string: '{"data":{"environment":"development","body":{"trace":{"frames":[{"filename":"rollbar_adapter_test.rb","lineno":11,"method":"block
        in <class:RollbarAdapterTest>"},{"filename":"vcr.rb","lineno":194,"method":"use_cassette"},{"filename":"vcr/util/variable_args_block_caller.rb","lineno":9,"method":"call_block"}],"exception":{"class":"StandardError","message":"Test
        error from Lapsoss","description":"Test error from Lapsoss"}}},"level":"info","timestamp":1752075270,"platform":"ruby","language":"ruby","framework":"ruby","context":null,"request":null,"person":null,"custom":{},"title":"Test
        error from Lapsoss","uuid":"e2f7b274-8a6f-4bac-bc2d-0e25d7056049","notifier":{"name":"lapsoss","version":"0.1.0"}}}'
    headers:
      User-Agent:
      - lapsoss/0.1.0
      Content-Type:
      - application/json
      X-Rollbar-Access-Token:
      - "<ROLLBAR_ACCESS_TOKEN>"
      Accept-Encoding:
      - gzip;q=1.0,deflate;q=0.6,identity;q=0.3
      Accept:
      - "*/*"
  response:
    status:
      code: 401
      message: Unauthorized
    headers:
      Server:
      - nginx/1.17.9
      Date:
      - Wed, 09 Jul 2025 15:34:31 GMT
      Content-Type:
      - application/json; charset=utf-8
      Content-Length:
      - '51'
      Access-Control-Allow-Origin:
      - "*"
      Access-Control-Allow-Credentials:
      - 'true'
      Etag:
      - W/"33-B1+irAWVS0vJXv2TX/BEXA"
      X-Response-Time:
      - 2.784ms
      Via:
      - 1.1 google
      Alt-Svc:
      - h3=":443"; ma=2592000,h3-29=":443"; ma=2592000
    body:
      encoding: UTF-8
      string: |-
        {
          "err": 1,
          "message": "invalid access token"
        }
  recorded_at: Wed, 09 Jul 2025 15:34:31 GMT
- request:
    method: post
    uri: https://api.rollbar.com/api/1/item/
    body:
      encoding: UTF-8
      string: '{"data":{"environment":"development","body":{"trace":{"frames":[{"filename":"test/rollbar_adapter_test.rb","lineno":11,"method":"block
        in <class:RollbarAdapterTest>","code":"    VCR.use_cassette(\"rollbar_capture_exception\")
        do"},{"filename":"vcr.rb","lineno":194,"method":"use_cassette"},{"filename":"vcr/util/variable_args_block_caller.rb","lineno":9,"method":"call_block"}],"exception":{"class":"StandardError","message":"Test
        error from Lapsoss","description":"Test error from Lapsoss"}}},"level":"info","timestamp":1752075312,"platform":"ruby","language":"ruby","framework":"ruby","context":null,"request":null,"person":null,"custom":{},"title":"Test
        error from Lapsoss","uuid":"b15a51c5-6363-4105-8a0c-349f9da8b1f5","notifier":{"name":"lapsoss","version":"0.1.0"}}}'
    headers:
      User-Agent:
      - lapsoss/0.1.0
      Content-Type:
      - application/json
      X-Rollbar-Access-Token:
      - "<ROLLBAR_ACCESS_TOKEN>"
      Accept-Encoding:
      - gzip;q=1.0,deflate;q=0.6,identity;q=0.3
      Accept:
      - "*/*"
  response:
    status:
      code: 401
      message: Unauthorized
    headers:
      Server:
      - nginx/1.17.9
      Date:
      - Wed, 09 Jul 2025 15:35:12 GMT
      Content-Type:
      - application/json; charset=utf-8
      Content-Length:
      - '51'
      Access-Control-Allow-Origin:
      - "*"
      Access-Control-Allow-Credentials:
      - 'true'
      Etag:
      - W/"33-B1+irAWVS0vJXv2TX/BEXA"
      X-Response-Time:
      - 3.912ms
      Via:
      - 1.1 google
      Alt-Svc:
      - h3=":443"; ma=2592000,h3-29=":443"; ma=2592000
    body:
      encoding: UTF-8
      string: |-
        {
          "err": 1,
          "message": "invalid access token"
        }
  recorded_at: Wed, 09 Jul 2025 15:35:12 GMT
- request:
    method: post
    uri: https://api.rollbar.com/api/1/item/
    body:
      encoding: UTF-8
      string: '{"data":{"environment":"development","body":{"trace":{"frames":[{"filename":"rollbar_adapter_test.rb","lineno":11,"method":"block
        in <class:RollbarAdapterTest>"},{"filename":"vcr.rb","lineno":194,"method":"use_cassette"},{"filename":"vcr/util/variable_args_block_caller.rb","lineno":9,"method":"call_block"}],"exception":{"class":"StandardError","message":"Test
        error from Lapsoss","description":"Test error from Lapsoss"}}},"level":"info","timestamp":1752075604,"platform":"ruby","language":"ruby","framework":"rails","context":null,"request":null,"person":null,"custom":{},"title":"Test
        error from Lapsoss","uuid":"77e784ba-1859-489d-927a-297451dc716e","notifier":{"name":"lapsoss","version":"0.1.0"}}}'
    headers:
      User-Agent:
      - lapsoss/0.1.0
      Content-Type:
      - application/json
      X-Rollbar-Access-Token:
      - "<ROLLBAR_ACCESS_TOKEN>"
      Accept-Encoding:
      - gzip;q=1.0,deflate;q=0.6,identity;q=0.3
      Accept:
      - "*/*"
  response:
    status:
      code: 401
      message: Unauthorized
    headers:
      Server:
      - nginx/1.17.9
      Date:
      - Wed, 09 Jul 2025 15:40:04 GMT
      Content-Type:
      - application/json; charset=utf-8
      Content-Length:
      - '51'
      Access-Control-Allow-Origin:
      - "*"
      Access-Control-Allow-Credentials:
      - 'true'
      Etag:
      - W/"33-B1+irAWVS0vJXv2TX/BEXA"
      X-Response-Time:
      - 3.519ms
      Via:
      - 1.1 google
      Alt-Svc:
      - h3=":443"; ma=2592000,h3-29=":443"; ma=2592000
    body:
      encoding: UTF-8
      string: |-
        {
          "err": 1,
          "message": "invalid access token"
        }
  recorded_at: Wed, 09 Jul 2025 15:40:04 GMT
- request:
    method: post
    uri: https://api.rollbar.com/api/1/item/
    body:
      encoding: UTF-8
      string: '{"data":{"environment":"development","body":{"trace":{"frames":[{"filename":"rollbar_adapter_test.rb","lineno":11,"method":"block
        in <class:RollbarAdapterTest>"},{"filename":"vcr.rb","lineno":194,"method":"use_cassette"},{"filename":"vcr/util/variable_args_block_caller.rb","lineno":9,"method":"call_block"}],"exception":{"class":"StandardError","message":"Test
        error from Lapsoss","description":"Test error from Lapsoss"}}},"level":"info","timestamp":1752075715,"platform":"ruby","language":"ruby","framework":"ruby","context":null,"request":null,"person":null,"custom":{},"title":"Test
        error from Lapsoss","uuid":"659cd095-6bfa-49e9-9e56-9d67fa642321","notifier":{"name":"lapsoss","version":"0.1.0"}}}'
    headers:
      User-Agent:
      - lapsoss/0.1.0
      Content-Type:
      - application/json
      X-Rollbar-Access-Token:
      - "<ROLLBAR_ACCESS_TOKEN>"
      Accept-Encoding:
      - gzip;q=1.0,deflate;q=0.6,identity;q=0.3
      Accept:
      - "*/*"
  response:
    status:
      code: 401
      message: Unauthorized
    headers:
      Server:
      - nginx/1.17.9
      Date:
      - Wed, 09 Jul 2025 15:41:55 GMT
      Content-Type:
      - application/json; charset=utf-8
      Content-Length:
      - '51'
      Access-Control-Allow-Origin:
      - "*"
      Access-Control-Allow-Credentials:
      - 'true'
      Etag:
      - W/"33-B1+irAWVS0vJXv2TX/BEXA"
      X-Response-Time:
      - 6.100ms
      Via:
      - 1.1 google
      Alt-Svc:
      - h3=":443"; ma=2592000,h3-29=":443"; ma=2592000
    body:
      encoding: UTF-8
      string: |-
        {
          "err": 1,
          "message": "invalid access token"
        }
  recorded_at: Wed, 09 Jul 2025 15:41:55 GMT
- request:
    method: post
    uri: https://api.rollbar.com/api/1/item/
    body:
      encoding: UTF-8
      string: '{"data":{"environment":"development","body":{"trace":{"frames":[{"filename":"rollbar_adapter_test.rb","lineno":11,"method":"block
        in <class:RollbarAdapterTest>"},{"filename":"vcr.rb","lineno":194,"method":"use_cassette"},{"filename":"vcr/util/variable_args_block_caller.rb","lineno":9,"method":"call_block"}],"exception":{"class":"StandardError","message":"Test
        error from Lapsoss","description":"Test error from Lapsoss"}}},"level":"info","timestamp":1752078042,"platform":"ruby","language":"ruby","framework":"rails","context":null,"request":null,"person":null,"custom":{},"title":"Test
        error from Lapsoss","uuid":"4e43da03-eaa9-44c3-955f-ad3340361717","notifier":{"name":"lapsoss","version":"0.1.0"}}}'
    headers:
      User-Agent:
      - lapsoss/0.1.0
      Content-Type:
      - application/json
      X-Rollbar-Access-Token:
      - "<ROLLBAR_ACCESS_TOKEN>"
      Accept-Encoding:
      - gzip;q=1.0,deflate;q=0.6,identity;q=0.3
      Accept:
      - "*/*"
  response:
    status:
      code: 401
      message: Unauthorized
    headers:
      Server:
      - nginx/1.17.9
      Date:
      - Wed, 09 Jul 2025 16:20:42 GMT
      Content-Type:
      - application/json; charset=utf-8
      Content-Length:
      - '51'
      Access-Control-Allow-Origin:
      - "*"
      Access-Control-Allow-Credentials:
      - 'true'
      Etag:
      - W/"33-B1+irAWVS0vJXv2TX/BEXA"
      X-Response-Time:
      - 3.459ms
      Via:
      - 1.1 google
      Alt-Svc:
      - h3=":443"; ma=2592000,h3-29=":443"; ma=2592000
    body:
      encoding: UTF-8
      string: |-
        {
          "err": 1,
          "message": "invalid access token"
        }
  recorded_at: Wed, 09 Jul 2025 16:20:42 GMT
- request:
    method: post
    uri: https://api.rollbar.com/api/1/item/
    body:
      encoding: UTF-8
      string: '{"data":{"environment":"development","body":{"trace":{"frames":[{"filename":"rollbar_adapter_test.rb","lineno":11,"method":"block
        in <class:RollbarAdapterTest>"},{"filename":"vcr.rb","lineno":194,"method":"use_cassette"},{"filename":"vcr/util/variable_args_block_caller.rb","lineno":9,"method":"call_block"}],"exception":{"class":"StandardError","message":"Test
        error from Lapsoss","description":"Test error from Lapsoss"}}},"level":"info","timestamp":1752080596,"platform":"ruby","language":"ruby","framework":"rails","context":null,"request":null,"person":null,"custom":{},"title":"Test
        error from Lapsoss","uuid":"c8859b2e-94cd-4086-a689-d6fa76ab9556","notifier":{"name":"lapsoss","version":"0.1.0"}}}'
    headers:
      User-Agent:
      - lapsoss/0.1.0
      Content-Type:
      - application/json
      X-Rollbar-Access-Token:
      - "<ROLLBAR_ACCESS_TOKEN>"
      Accept-Encoding:
      - gzip;q=1.0,deflate;q=0.6,identity;q=0.3
      Accept:
      - "*/*"
  response:
    status:
      code: 401
      message: Unauthorized
    headers:
      Server:
      - nginx/1.17.9
      Date:
      - Wed, 09 Jul 2025 17:03:16 GMT
      Content-Type:
      - application/json; charset=utf-8
      Content-Length:
      - '51'
      Access-Control-Allow-Origin:
      - "*"
      Access-Control-Allow-Credentials:
      - 'true'
      Etag:
      - W/"33-B1+irAWVS0vJXv2TX/BEXA"
      X-Response-Time:
      - 3.848ms
      Via:
      - 1.1 google
      Alt-Svc:
      - h3=":443"; ma=2592000,h3-29=":443"; ma=2592000
    body:
      encoding: UTF-8
      string: |-
        {
          "err": 1,
          "message": "invalid access token"
        }
  recorded_at: Wed, 09 Jul 2025 17:03:16 GMT
- request:
    method: post
    uri: https://api.rollbar.com/api/1/item/
    body:
      encoding: UTF-8
      string: '{"data":{"environment":"development","body":{"trace":{"frames":[{"filename":"rollbar_adapter_test.rb","lineno":11,"method":"block
        in <class:RollbarAdapterTest>"},{"filename":"vcr.rb","lineno":194,"method":"use_cassette"},{"filename":"vcr/util/variable_args_block_caller.rb","lineno":9,"method":"call_block"}],"exception":{"class":"StandardError","message":"Test
        error from Lapsoss","description":"Test error from Lapsoss"}}},"level":"info","timestamp":1752086485,"platform":"ruby","language":"ruby","framework":"rails","context":null,"request":null,"person":null,"custom":{},"title":"Test
        error from Lapsoss","uuid":"eeb68967-db93-4f5d-8cd9-0e04c424484d","notifier":{"name":"lapsoss","version":"0.1.0"}}}'
    headers:
      User-Agent:
      - lapsoss/0.1.0
      Content-Type:
      - application/json
      X-Rollbar-Access-Token:
      - "<ROLLBAR_ACCESS_TOKEN>"
      Accept-Encoding:
      - gzip;q=1.0,deflate;q=0.6,identity;q=0.3
      Accept:
      - "*/*"
  response:
    status:
      code: 401
      message: Unauthorized
    headers:
      Server:
      - nginx/1.17.9
      Date:
      - Wed, 09 Jul 2025 18:41:25 GMT
      Content-Type:
      - application/json; charset=utf-8
      Content-Length:
      - '51'
      Access-Control-Allow-Origin:
      - "*"
      Access-Control-Allow-Credentials:
      - 'true'
      Etag:
      - W/"33-B1+irAWVS0vJXv2TX/BEXA"
      X-Response-Time:
      - 3.530ms
      Via:
      - 1.1 google
      Alt-Svc:
      - h3=":443"; ma=2592000,h3-29=":443"; ma=2592000
    body:
      encoding: UTF-8
      string: |-
        {
          "err": 1,
          "message": "invalid access token"
        }
  recorded_at: Wed, 09 Jul 2025 18:41:25 GMT
- request:
    method: post
    uri: https://api.rollbar.com/api/1/item/
    body:
      encoding: UTF-8
      string: '{"data":{"environment":"development","body":{"trace":{"frames":[{"filename":"rails/test_unit/line_filtering.rb","lineno":10,"method":"run"},{"filename":"active_support/execution_wrapper.rb","lineno":104,"method":"perform"},{"filename":"active_support/executor/test_helper.rb","lineno":5,"method":"run"},{"filename":"rollbar_adapter_test.rb","lineno":11,"method":"block
        in <class:RollbarAdapterTest>"},{"filename":"vcr.rb","lineno":194,"method":"use_cassette"},{"filename":"vcr/util/variable_args_block_caller.rb","lineno":9,"method":"call_block"}],"exception":{"class":"StandardError","message":"Test
        error from Lapsoss","description":"Test error from Lapsoss"}}},"level":"info","timestamp":1752104862,"platform":"ruby","language":"ruby","framework":"rails","context":null,"request":null,"person":null,"custom":{},"title":"Test
        error from Lapsoss","uuid":"4f46d640-65c9-41c4-837c-5a0fbb9b1ba4","notifier":{"name":"lapsoss","version":"0.1.0"}}}'
    headers:
      User-Agent:
      - lapsoss/0.1.0
      Content-Type:
      - application/json
      X-Rollbar-Access-Token:
      - "<ROLLBAR_ACCESS_TOKEN>"
      Accept-Encoding:
      - gzip;q=1.0,deflate;q=0.6,identity;q=0.3
      Accept:
      - "*/*"
  response:
    status:
      code: 401
      message: Unauthorized
    headers:
      Server:
      - nginx/1.17.9
      Date:
      - Wed, 09 Jul 2025 23:47:42 GMT
      Content-Type:
      - application/json; charset=utf-8
      Content-Length:
      - '51'
      Access-Control-Allow-Origin:
      - "*"
      Access-Control-Allow-Credentials:
      - 'true'
      Etag:
      - W/"33-B1+irAWVS0vJXv2TX/BEXA"
      X-Response-Time:
      - 3.094ms
      Via:
      - 1.1 google
      Alt-Svc:
      - h3=":443"; ma=2592000,h3-29=":443"; ma=2592000
    body:
      encoding: UTF-8
      string: |-
        {
          "err": 1,
          "message": "invalid access token"
        }
  recorded_at: Wed, 09 Jul 2025 23:47:42 GMT
- request:
    method: post
    uri: https://api.rollbar.com/api/1/item/
    body:
      encoding: UTF-8
      string: '{"data":{"environment":"development","body":{"trace":{"frames":[{"filename":"rails/test_unit/line_filtering.rb","lineno":10,"method":"run"},{"filename":"active_support/execution_wrapper.rb","lineno":104,"method":"perform"},{"filename":"active_support/executor/test_helper.rb","lineno":5,"method":"run"},{"filename":"rollbar_adapter_test.rb","lineno":11,"method":"block
        in <class:RollbarAdapterTest>"},{"filename":"vcr.rb","lineno":194,"method":"use_cassette"},{"filename":"vcr/util/variable_args_block_caller.rb","lineno":9,"method":"call_block"}],"exception":{"class":"StandardError","message":"Test
        error from Lapsoss","description":"Test error from Lapsoss"}}},"level":"info","timestamp":1752135952,"platform":"ruby","language":"ruby","framework":"rails","context":null,"request":null,"person":null,"custom":{},"title":"Test
        error from Lapsoss","uuid":"3eff03f8-75de-4107-8b10-28542849e1c4","notifier":{"name":"lapsoss","version":"0.1.0"}}}'
    headers:
      User-Agent:
      - lapsoss/0.1.0
      Content-Type:
      - application/json
      X-Rollbar-Access-Token:
      - "<ROLLBAR_ACCESS_TOKEN>"
      Accept-Encoding:
      - gzip;q=1.0,deflate;q=0.6,identity;q=0.3
      Accept:
      - "*/*"
  response:
    status:
      code: 401
      message: Unauthorized
    headers:
      Server:
      - nginx/1.17.9
      Date:
      - Thu, 10 Jul 2025 08:25:52 GMT
      Content-Type:
      - application/json; charset=utf-8
      Content-Length:
      - '51'
      Access-Control-Allow-Origin:
      - "*"
      Access-Control-Allow-Credentials:
      - 'true'
      Etag:
      - W/"33-B1+irAWVS0vJXv2TX/BEXA"
      X-Response-Time:
      - 2.748ms
      Via:
      - 1.1 google
      Alt-Svc:
      - h3=":443"; ma=2592000,h3-29=":443"; ma=2592000
    body:
      encoding: UTF-8
      string: |-
        {
          "err": 1,
          "message": "invalid access token"
        }
  recorded_at: Thu, 10 Jul 2025 08:25:52 GMT
- request:
    method: post
    uri: https://api.rollbar.com/api/1/item/
    body:
      encoding: UTF-8
      string: '{"data":{"environment":"development","body":{"trace":{"frames":[{"filename":"rails/test_unit/line_filtering.rb","lineno":10,"method":"run"},{"filename":"active_support/execution_wrapper.rb","lineno":104,"method":"perform"},{"filename":"active_support/executor/test_helper.rb","lineno":5,"method":"run"},{"filename":"rollbar_adapter_test.rb","lineno":11,"method":"block
        in <class:RollbarAdapterTest>"},{"filename":"vcr.rb","lineno":194,"method":"use_cassette"},{"filename":"vcr/util/variable_args_block_caller.rb","lineno":9,"method":"call_block"}],"exception":{"class":"StandardError","message":"Test
        error from Lapsoss","description":"Test error from Lapsoss"}}},"level":"info","timestamp":1752428556,"platform":"ruby","language":"ruby","framework":"rails","context":null,"request":null,"person":null,"custom":{},"title":"Test
        error from Lapsoss","uuid":"7368cd44-c42e-4ee5-a485-746ec00f8ea1","notifier":{"name":"lapsoss","version":"0.2.0"}}}'
    headers:
      User-Agent:
      - lapsoss/0.2.0
      Content-Type:
      - application/json
      X-Rollbar-Access-Token:
      - "<ROLLBAR_ACCESS_TOKEN>"
      Accept-Encoding:
      - gzip;q=1.0,deflate;q=0.6,identity;q=0.3
      Accept:
      - "*/*"
  response:
    status:
      code: 401
      message: Unauthorized
    headers:
      Server:
      - nginx/1.17.9
      Date:
      - Sun, 13 Jul 2025 17:42:37 GMT
      Content-Type:
      - application/json; charset=utf-8
      Content-Length:
      - '51'
      Access-Control-Allow-Origin:
      - "*"
      Access-Control-Allow-Credentials:
      - 'true'
      Etag:
      - W/"33-B1+irAWVS0vJXv2TX/BEXA"
      X-Response-Time:
      - 3.204ms
      Via:
      - 1.1 google
      Alt-Svc:
      - h3=":443"; ma=2592000,h3-29=":443"; ma=2592000
    body:
      encoding: UTF-8
      string: |-
        {
          "err": 1,
          "message": "invalid access token"
        }
  recorded_at: Sun, 13 Jul 2025 17:42:36 GMT
- request:
    method: post
    uri: https://api.rollbar.com/api/1/item/
    body:
      encoding: UTF-8
      string: '{"data":{"environment":"development","body":{"trace":{"frames":[{"filename":"rails/test_unit/line_filtering.rb","lineno":10,"method":"run"},{"filename":"active_support/execution_wrapper.rb","lineno":104,"method":"perform"},{"filename":"active_support/executor/test_helper.rb","lineno":5,"method":"run"},{"filename":"rollbar_adapter_test.rb","lineno":11,"method":"block
        in <class:RollbarAdapterTest>"},{"filename":"vcr.rb","lineno":194,"method":"use_cassette"},{"filename":"vcr/util/variable_args_block_caller.rb","lineno":9,"method":"call_block"}],"exception":{"class":"StandardError","message":"Test
        error from Lapsoss","description":"Test error from Lapsoss"}}},"level":"info","timestamp":1752428834,"platform":"ruby","language":"ruby","framework":"rails","context":null,"request":null,"person":null,"custom":{},"title":"Test
        error from Lapsoss","uuid":"313f9d0a-3706-417f-bed9-051dd928046f","notifier":{"name":"lapsoss","version":"0.2.0"}}}'
    headers:
      User-Agent:
      - lapsoss/0.2.0
      Content-Type:
      - application/json
      X-Rollbar-Access-Token:
      - "<ROLLBAR_ACCESS_TOKEN>"
      Accept-Encoding:
      - gzip;q=1.0,deflate;q=0.6,identity;q=0.3
      Accept:
      - "*/*"
  response:
    status:
      code: 401
      message: Unauthorized
    headers:
      Server:
      - nginx/1.17.9
      Date:
      - Sun, 13 Jul 2025 17:47:14 GMT
      Content-Type:
      - application/json; charset=utf-8
      Content-Length:
      - '51'
      Access-Control-Allow-Origin:
      - "*"
      Access-Control-Allow-Credentials:
      - 'true'
      Etag:
      - W/"33-B1+irAWVS0vJXv2TX/BEXA"
      X-Response-Time:
      - 6.094ms
      Via:
      - 1.1 google
      Alt-Svc:
      - h3=":443"; ma=2592000,h3-29=":443"; ma=2592000
    body:
      encoding: UTF-8
      string: |-
        {
          "err": 1,
          "message": "invalid access token"
        }
  recorded_at: Sun, 13 Jul 2025 17:47:14 GMT
- request:
    method: post
    uri: https://api.rollbar.com/api/1/item/
    body:
      encoding: UTF-8
      string: '{"data":{"environment":"development","body":{"trace":{"frames":[{"filename":"rails/test_unit/line_filtering.rb","lineno":10,"method":"run"},{"filename":"active_support/execution_wrapper.rb","lineno":104,"method":"perform"},{"filename":"active_support/executor/test_helper.rb","lineno":5,"method":"run"},{"filename":"rollbar_adapter_test.rb","lineno":11,"method":"block
        in <class:RollbarAdapterTest>"},{"filename":"vcr.rb","lineno":194,"method":"use_cassette"},{"filename":"vcr/util/variable_args_block_caller.rb","lineno":9,"method":"call_block"}],"exception":{"class":"StandardError","message":"Test
        error from Lapsoss","description":"Test error from Lapsoss"}}},"level":"info","timestamp":1752428874,"platform":"ruby","language":"ruby","framework":"rails","context":null,"request":null,"person":null,"custom":{},"title":"Test
        error from Lapsoss","uuid":"6ca1826e-901a-4932-af4c-34b59877b64f","notifier":{"name":"lapsoss","version":"0.2.0"}}}'
    headers:
      User-Agent:
      - lapsoss/0.2.0
      Content-Type:
      - application/json
      X-Rollbar-Access-Token:
      - "<ROLLBAR_ACCESS_TOKEN>"
      Accept-Encoding:
      - gzip;q=1.0,deflate;q=0.6,identity;q=0.3
      Accept:
      - "*/*"
  response:
    status:
      code: 401
      message: Unauthorized
    headers:
      Server:
      - nginx/1.17.9
      Date:
      - Sun, 13 Jul 2025 17:47:55 GMT
      Content-Type:
      - application/json; charset=utf-8
      Content-Length:
      - '51'
      Access-Control-Allow-Origin:
      - "*"
      Access-Control-Allow-Credentials:
      - 'true'
      Etag:
      - W/"33-B1+irAWVS0vJXv2TX/BEXA"
      X-Response-Time:
      - 3.040ms
      Via:
      - 1.1 google
      Alt-Svc:
      - h3=":443"; ma=2592000,h3-29=":443"; ma=2592000
    body:
      encoding: UTF-8
      string: |-
        {
          "err": 1,
          "message": "invalid access token"
        }
  recorded_at: Sun, 13 Jul 2025 17:47:55 GMT
- request:
    method: post
    uri: https://api.rollbar.com/api/1/item/
    body:
      encoding: UTF-8
      string: '{"data":{"environment":"development","body":{"trace":{"frames":[{"filename":"rollbar_adapter_test.rb","lineno":11,"method":"block
        in <class:RollbarAdapterTest>"},{"filename":"vcr.rb","lineno":194,"method":"use_cassette"},{"filename":"vcr/util/variable_args_block_caller.rb","lineno":9,"method":"call_block"}],"exception":{"class":"StandardError","message":"Test
        error from Lapsoss","description":"Test error from Lapsoss"}}},"level":"info","timestamp":1752429236,"platform":"ruby","language":"ruby","framework":"rails","context":null,"request":null,"person":null,"custom":{},"title":"Test
        error from Lapsoss","uuid":"c08ad9a9-1886-4404-a734-cda7c40f7675","notifier":{"name":"lapsoss","version":"0.2.0"}}}'
    headers:
      User-Agent:
      - lapsoss/0.2.0
      Content-Type:
      - application/json
      X-Rollbar-Access-Token:
      - "<ROLLBAR_ACCESS_TOKEN>"
      Accept-Encoding:
      - gzip;q=1.0,deflate;q=0.6,identity;q=0.3
      Accept:
      - "*/*"
  response:
    status:
      code: 401
      message: Unauthorized
    headers:
      Server:
      - nginx/1.17.9
      Date:
      - Sun, 13 Jul 2025 17:53:57 GMT
      Content-Type:
      - application/json; charset=utf-8
      Content-Length:
      - '51'
      Access-Control-Allow-Origin:
      - "*"
      Access-Control-Allow-Credentials:
      - 'true'
      Etag:
      - W/"33-B1+irAWVS0vJXv2TX/BEXA"
      X-Response-Time:
      - 2.903ms
      Via:
      - 1.1 google
      Alt-Svc:
      - h3=":443"; ma=2592000,h3-29=":443"; ma=2592000
    body:
      encoding: UTF-8
      string: |-
        {
          "err": 1,
          "message": "invalid access token"
        }
  recorded_at: Sun, 13 Jul 2025 17:53:57 GMT
- request:
    method: post
    uri: https://api.rollbar.com/api/1/item/
    body:
      encoding: UTF-8
      string: '{"data":{"environment":"development","body":{"trace":{"frames":[{"filename":"rails/test_unit/line_filtering.rb","lineno":10,"method":"run"},{"filename":"active_support/execution_wrapper.rb","lineno":104,"method":"perform"},{"filename":"active_support/executor/test_helper.rb","lineno":5,"method":"run"},{"filename":"rollbar_adapter_test.rb","lineno":11,"method":"block
        in \u003cclass:RollbarAdapterTest\u003e"},{"filename":"vcr.rb","lineno":194,"method":"use_cassette"},{"filename":"vcr/util/variable_args_block_caller.rb","lineno":9,"method":"call_block"}],"exception":{"class":"StandardError","message":"Test
        error from Lapsoss","description":"Test error from Lapsoss"}}},"level":"info","timestamp":1752433924,"code_version":null,"platform":"ruby","language":"ruby","framework":"rails","server":{"host":"EXAMPLE_MACHINE","root":"/path/to/project/lapsoss/test/dummy","branch":"master","code_version":"EXAMPLE_COMMIT_HASH_1234567890abcdef"},"person":null,"request":null,"custom":{}}}'
    headers:
      User-Agent:
      - lapsoss/0.2.0
      Content-Type:
      - application/json
      X-Rollbar-Access-Token:
      - "<ROLLBAR_ACCESS_TOKEN>"
      Accept-Encoding:
      - gzip;q=1.0,deflate;q=0.6,identity;q=0.3
      Accept:
      - "*/*"
  response:
    status:
      code: 401
      message: Unauthorized
    headers:
      Server:
      - nginx/1.17.9
      Date:
      - Sun, 13 Jul 2025 19:12:04 GMT
      Content-Type:
      - application/json; charset=utf-8
      Content-Length:
      - '51'
      Access-Control-Allow-Origin:
      - "*"
      Access-Control-Allow-Credentials:
      - 'true'
      Etag:
      - W/"33-B1+irAWVS0vJXv2TX/BEXA"
      X-Response-Time:
      - 2.506ms
      Via:
      - 1.1 google
      Alt-Svc:
      - h3=":443"; ma=2592000,h3-29=":443"; ma=2592000
    body:
      encoding: UTF-8
      string: |-
        {
          "err": 1,
          "message": "invalid access token"
        }
  recorded_at: Sun, 13 Jul 2025 19:12:04 GMT
- request:
    method: post
    uri: https://api.rollbar.com/api/1/item/
    body:
      encoding: UTF-8
      string: '{"data":{"environment":"development","body":{"trace":{"frames":[{"filename":"rails/test_unit/line_filtering.rb","lineno":10,"method":"run"},{"filename":"active_support/execution_wrapper.rb","lineno":104,"method":"perform"},{"filename":"active_support/executor/test_helper.rb","lineno":5,"method":"run"},{"filename":"rollbar_adapter_test.rb","lineno":11,"method":"block
        in \u003cclass:RollbarAdapterTest\u003e"},{"filename":"vcr.rb","lineno":194,"method":"use_cassette"},{"filename":"vcr/util/variable_args_block_caller.rb","lineno":9,"method":"call_block"}],"exception":{"class":"StandardError","message":"Test
        error from Lapsoss","description":"Test error from Lapsoss"}}},"level":"info","timestamp":1752434010,"code_version":null,"platform":"ruby","language":"ruby","framework":"rails","server":{"host":"EXAMPLE_MACHINE","root":"/path/to/project/lapsoss/test/dummy","branch":"master","code_version":"EXAMPLE_COMMIT_HASH_1234567890abcdef"},"person":null,"request":null,"custom":{}}}'
    headers:
      User-Agent:
      - lapsoss/0.2.0
      Content-Type:
      - application/json
      X-Rollbar-Access-Token:
      - "<ROLLBAR_ACCESS_TOKEN>"
      Accept-Encoding:
      - gzip;q=1.0,deflate;q=0.6,identity;q=0.3
      Accept:
      - "*/*"
  response:
    status:
      code: 401
      message: Unauthorized
    headers:
      Server:
      - nginx/1.17.9
      Date:
      - Sun, 13 Jul 2025 19:13:31 GMT
      Content-Type:
      - application/json; charset=utf-8
      Content-Length:
      - '51'
      Access-Control-Allow-Origin:
      - "*"
      Access-Control-Allow-Credentials:
      - 'true'
      Etag:
      - W/"33-B1+irAWVS0vJXv2TX/BEXA"
      X-Response-Time:
      - 1.485ms
      Via:
      - 1.1 google
      Alt-Svc:
      - h3=":443"; ma=2592000,h3-29=":443"; ma=2592000
    body:
      encoding: UTF-8
      string: |-
        {
          "err": 1,
          "message": "invalid access token"
        }
  recorded_at: Sun, 13 Jul 2025 19:13:31 GMT
- request:
    method: post
    uri: https://api.rollbar.com/api/1/item/
    body:
      encoding: UTF-8
      string: '{"data":{"environment":"development","body":{"trace":{"frames":[{"filename":"rails/test_unit/line_filtering.rb","lineno":10,"method":"run"},{"filename":"active_support/execution_wrapper.rb","lineno":104,"method":"perform"},{"filename":"active_support/executor/test_helper.rb","lineno":5,"method":"run"},{"filename":"rollbar_adapter_test.rb","lineno":11,"method":"block
        in \u003cclass:RollbarAdapterTest\u003e"},{"filename":"vcr.rb","lineno":194,"method":"use_cassette"},{"filename":"vcr/util/variable_args_block_caller.rb","lineno":9,"method":"call_block"}],"exception":{"class":"StandardError","message":"Test
        error from Lapsoss","description":"Test error from Lapsoss"}}},"level":"info","timestamp":1752434114,"code_version":null,"platform":"ruby","language":"ruby","framework":"rails","server":{"host":"EXAMPLE_MACHINE","root":"/path/to/project/lapsoss/test/dummy","branch":"master","code_version":"EXAMPLE_COMMIT_HASH_1234567890abcdef"},"person":null,"request":null,"custom":{}}}'
    headers:
      User-Agent:
      - lapsoss/0.2.0
      Content-Type:
      - application/json
      X-Rollbar-Access-Token:
      - "<ROLLBAR_ACCESS_TOKEN>"
      Accept-Encoding:
      - gzip;q=1.0,deflate;q=0.6,identity;q=0.3
      Accept:
      - "*/*"
  response:
    status:
      code: 401
      message: Unauthorized
    headers:
      Server:
      - nginx/1.17.9
      Date:
      - Sun, 13 Jul 2025 19:15:15 GMT
      Content-Type:
      - application/json; charset=utf-8
      Content-Length:
      - '51'
      Access-Control-Allow-Origin:
      - "*"
      Access-Control-Allow-Credentials:
      - 'true'
      Etag:
      - W/"33-B1+irAWVS0vJXv2TX/BEXA"
      X-Response-Time:
      - 1.585ms
      Via:
      - 1.1 google
      Alt-Svc:
      - h3=":443"; ma=2592000,h3-29=":443"; ma=2592000
    body:
      encoding: UTF-8
      string: |-
        {
          "err": 1,
          "message": "invalid access token"
        }
  recorded_at: Sun, 13 Jul 2025 19:15:15 GMT
- request:
    method: post
    uri: https://api.rollbar.com/api/1/item/
    body:
      encoding: UTF-8
      string: '{"data":{"environment":"development","body":{"trace":{"frames":[{"filename":"rails/test_unit/line_filtering.rb","lineno":10,"method":"run"},{"filename":"active_support/execution_wrapper.rb","lineno":104,"method":"perform"},{"filename":"active_support/executor/test_helper.rb","lineno":5,"method":"run"},{"filename":"rollbar_adapter_test.rb","lineno":11,"method":"block
        in \u003cclass:RollbarAdapterTest\u003e"},{"filename":"vcr.rb","lineno":194,"method":"use_cassette"},{"filename":"vcr/util/variable_args_block_caller.rb","lineno":9,"method":"call_block"}],"exception":{"class":"StandardError","message":"Test
        error from Lapsoss","description":"Test error from Lapsoss"}}},"level":"info","timestamp":1752434147,"code_version":null,"platform":"ruby","language":"ruby","framework":"rails","server":{"host":"EXAMPLE_MACHINE","root":"/path/to/project/lapsoss/test/dummy","branch":"master","code_version":"EXAMPLE_COMMIT_HASH_1234567890abcdef"},"person":null,"request":null,"custom":{}}}'
    headers:
      User-Agent:
      - lapsoss/0.2.0
      Content-Type:
      - application/json
      X-Rollbar-Access-Token:
      - "<ROLLBAR_ACCESS_TOKEN>"
      Accept-Encoding:
      - gzip;q=1.0,deflate;q=0.6,identity;q=0.3
      Accept:
      - "*/*"
  response:
    status:
      code: 401
      message: Unauthorized
    headers:
      Server:
      - nginx/1.17.9
      Date:
      - Sun, 13 Jul 2025 19:15:48 GMT
      Content-Type:
      - application/json; charset=utf-8
      Content-Length:
      - '51'
      Access-Control-Allow-Origin:
      - "*"
      Access-Control-Allow-Credentials:
      - 'true'
      Etag:
      - W/"33-B1+irAWVS0vJXv2TX/BEXA"
      X-Response-Time:
      - 3.794ms
      Via:
      - 1.1 google
      Alt-Svc:
      - h3=":443"; ma=2592000,h3-29=":443"; ma=2592000
    body:
      encoding: UTF-8
      string: |-
        {
          "err": 1,
          "message": "invalid access token"
        }
  recorded_at: Sun, 13 Jul 2025 19:15:48 GMT
- request:
    method: post
    uri: https://api.rollbar.com/api/1/item/
    body:
      encoding: UTF-8
      string: '{"data":{"environment":"development","body":{"trace":{"frames":[{"filename":"rails/test_unit/line_filtering.rb","lineno":10,"method":"run"},{"filename":"active_support/execution_wrapper.rb","lineno":104,"method":"perform"},{"filename":"active_support/executor/test_helper.rb","lineno":5,"method":"run"},{"filename":"rollbar_adapter_test.rb","lineno":11,"method":"block
        in \u003cclass:RollbarAdapterTest\u003e"},{"filename":"vcr.rb","lineno":194,"method":"use_cassette"},{"filename":"vcr/util/variable_args_block_caller.rb","lineno":9,"method":"call_block"}],"exception":{"class":"StandardError","message":"Test
        error from Lapsoss","description":"Test error from Lapsoss"}}},"level":"info","timestamp":1752444921,"code_version":null,"platform":"ruby","language":"ruby","framework":"rails","server":{"host":"EXAMPLE_HOST.local","root":"/path/to/project/lapsoss/test/dummy","branch":"master","code_version":"EXAMPLE_COMMIT_HASH_1234567890abcdef"},"person":null,"request":null,"custom":{}}}'
    headers:
      User-Agent:
      - lapsoss/0.2.0
      Content-Type:
      - application/json
      X-Rollbar-Access-Token:
      - "<ROLLBAR_ACCESS_TOKEN>"
      Accept-Encoding:
      - gzip;q=1.0,deflate;q=0.6,identity;q=0.3
      Accept:
      - "*/*"
  response:
    status:
      code: 401
      message: Unauthorized
    headers:
      Server:
      - nginx/1.17.9
      Date:
      - Sun, 13 Jul 2025 22:15:22 GMT
      Content-Type:
      - application/json; charset=utf-8
      Content-Length:
      - '51'
      Access-Control-Allow-Origin:
      - "*"
      Access-Control-Allow-Credentials:
      - 'true'
      Etag:
      - W/"33-B1+irAWVS0vJXv2TX/BEXA"
      X-Response-Time:
      - 1.629ms
      Via:
      - 1.1 google
      Alt-Svc:
      - h3=":443"; ma=2592000,h3-29=":443"; ma=2592000
    body:
      encoding: UTF-8
      string: |-
        {
          "err": 1,
          "message": "invalid access token"
        }
  recorded_at: Sun, 13 Jul 2025 22:15:22 GMT
- request:
    method: post
    uri: https://api.rollbar.com/api/1/item/
    body:
      encoding: UTF-8
      string: '{"data":{"environment":"development","body":{"trace":{"frames":[{"filename":"rails/test_unit/line_filtering.rb","lineno":10,"method":"run"},{"filename":"active_support/execution_wrapper.rb","lineno":104,"method":"perform"},{"filename":"active_support/executor/test_helper.rb","lineno":5,"method":"run"},{"filename":"rollbar_adapter_test.rb","lineno":11,"method":"block
        in \u003cclass:RollbarAdapterTest\u003e"},{"filename":"vcr.rb","lineno":194,"method":"use_cassette"},{"filename":"vcr/util/variable_args_block_caller.rb","lineno":9,"method":"call_block"}],"exception":{"class":"StandardError","message":"Test
        error from Lapsoss","description":"Test error from Lapsoss"}}},"level":"info","timestamp":1752445116,"code_version":null,"platform":"ruby","language":"ruby","framework":"rails","server":{"host":"EXAMPLE_HOST.local","root":"/path/to/project/lapsoss/test/dummy","branch":"master","code_version":"EXAMPLE_COMMIT_HASH_1234567890abcdef"},"person":null,"request":null,"custom":{}}}'
    headers:
      User-Agent:
      - lapsoss/0.2.0
      Content-Type:
      - application/json
      X-Rollbar-Access-Token:
      - "<ROLLBAR_ACCESS_TOKEN>"
      Accept-Encoding:
      - gzip;q=1.0,deflate;q=0.6,identity;q=0.3
      Accept:
      - "*/*"
  response:
    status:
      code: 401
      message: Unauthorized
    headers:
      Server:
      - nginx/1.17.9
      Date:
      - Sun, 13 Jul 2025 22:18:37 GMT
      Content-Type:
      - application/json; charset=utf-8
      Content-Length:
      - '51'
      Access-Control-Allow-Origin:
      - "*"
      Access-Control-Allow-Credentials:
      - 'true'
      Etag:
      - W/"33-B1+irAWVS0vJXv2TX/BEXA"
      X-Response-Time:
      - 2.584ms
      Via:
      - 1.1 google
      Alt-Svc:
      - h3=":443"; ma=2592000,h3-29=":443"; ma=2592000
    body:
      encoding: UTF-8
      string: |-
        {
          "err": 1,
          "message": "invalid access token"
        }
  recorded_at: Sun, 13 Jul 2025 22:18:37 GMT
- request:
    method: post
    uri: https://api.rollbar.com/api/1/item/
    body:
      encoding: UTF-8
      string: '{"data":{"environment":"development","body":{"trace":{"frames":[{"filename":"rails/test_unit/line_filtering.rb","lineno":10,"method":"run"},{"filename":"active_support/execution_wrapper.rb","lineno":104,"method":"perform"},{"filename":"active_support/executor/test_helper.rb","lineno":5,"method":"run"},{"filename":"rollbar_adapter_test.rb","lineno":11,"method":"block
        in \u003cclass:RollbarAdapterTest\u003e"},{"filename":"vcr.rb","lineno":194,"method":"use_cassette"},{"filename":"vcr/util/variable_args_block_caller.rb","lineno":9,"method":"call_block"}],"exception":{"class":"StandardError","message":"Test
        error from Lapsoss","description":"Test error from Lapsoss"}}},"level":"info","timestamp":1752445143,"code_version":null,"platform":"ruby","language":"ruby","framework":"rails","server":{"host":"EXAMPLE_HOST.local","root":"/path/to/project/lapsoss/test/dummy","branch":"master","code_version":"EXAMPLE_COMMIT_HASH_1234567890abcdef"},"person":null,"request":null,"custom":{}}}'
    headers:
      User-Agent:
      - lapsoss/0.2.0
      Content-Type:
      - application/json
      X-Rollbar-Access-Token:
      - "<ROLLBAR_ACCESS_TOKEN>"
      Accept-Encoding:
      - gzip;q=1.0,deflate;q=0.6,identity;q=0.3
      Accept:
      - "*/*"
  response:
    status:
      code: 401
      message: Unauthorized
    headers:
      Server:
      - nginx/1.17.9
      Date:
      - Sun, 13 Jul 2025 22:19:03 GMT
      Content-Type:
      - application/json; charset=utf-8
      Content-Length:
      - '51'
      Access-Control-Allow-Origin:
      - "*"
      Access-Control-Allow-Credentials:
      - 'true'
      Etag:
      - W/"33-B1+irAWVS0vJXv2TX/BEXA"
      X-Response-Time:
      - 3.016ms
      Via:
      - 1.1 google
      Alt-Svc:
      - h3=":443"; ma=2592000,h3-29=":443"; ma=2592000
    body:
      encoding: UTF-8
      string: |-
        {
          "err": 1,
          "message": "invalid access token"
        }
  recorded_at: Sun, 13 Jul 2025 22:19:03 GMT
- request:
    method: post
    uri: https://api.rollbar.com/api/1/item/
    body:
      encoding: UTF-8
      string: '{"data":{"environment":"development","body":{"trace":{"frames":[{"filename":"rails/test_unit/line_filtering.rb","lineno":10,"method":"run"},{"filename":"active_support/execution_wrapper.rb","lineno":104,"method":"perform"},{"filename":"active_support/executor/test_helper.rb","lineno":5,"method":"run"},{"filename":"rollbar_adapter_test.rb","lineno":11,"method":"block
        in \u003cclass:RollbarAdapterTest\u003e"},{"filename":"vcr.rb","lineno":194,"method":"use_cassette"},{"filename":"vcr/util/variable_args_block_caller.rb","lineno":9,"method":"call_block"}],"exception":{"class":"StandardError","message":"Test
        error from Lapsoss","description":"Test error from Lapsoss"}}},"level":"info","timestamp":1753642794,"code_version":null,"platform":"ruby","language":"ruby","framework":"rails","server":{"host":"Periscope.local","root":"/path/to/project/lapsoss/test/dummy","branch":"master","code_version":"cbade817a19bbfb38185b64295c379a42aa7ab45"},"person":null,"request":null,"custom":{}}}'
    headers:
      User-Agent:
      - lapsoss/0.2.0
      Content-Type:
      - application/json
      X-Rollbar-Access-Token:
      - "<ROLLBAR_ACCESS_TOKEN>"
      Accept-Encoding:
      - gzip;q=1.0,deflate;q=0.6,identity;q=0.3
      Accept:
      - "*/*"
  response:
    status:
      code: 401
      message: Unauthorized
    headers:
      Server:
      - nginx/1.17.9
      Date:
      - Sun, 27 Jul 2025 18:59:54 GMT
      Content-Type:
      - application/json; charset=utf-8
      Content-Length:
      - '51'
      Access-Control-Allow-Origin:
      - "*"
      Access-Control-Allow-Credentials:
      - 'true'
      Etag:
      - W/"33-B1+irAWVS0vJXv2TX/BEXA"
      X-Response-Time:
      - 1.879ms
      Via:
      - 1.1 google
      Alt-Svc:
      - h3=":443"; ma=2592000,h3-29=":443"; ma=2592000
    body:
      encoding: UTF-8
      string: |-
        {
          "err": 1,
          "message": "invalid access token"
        }
  recorded_at: Sun, 27 Jul 2025 18:59:54 GMT
- request:
    method: post
    uri: https://api.rollbar.com/api/1/item/
    body:
      encoding: UTF-8
      string: '{"data":{"environment":"development","body":{"trace":{"frames":[{"filename":"rails/test_unit/line_filtering.rb","lineno":10,"method":"run"},{"filename":"active_support/execution_wrapper.rb","lineno":104,"method":"perform"},{"filename":"active_support/executor/test_helper.rb","lineno":5,"method":"run"},{"filename":"rollbar_adapter_test.rb","lineno":11,"method":"block
        in \u003cclass:RollbarAdapterTest\u003e"},{"filename":"vcr.rb","lineno":194,"method":"use_cassette"},{"filename":"vcr/util/variable_args_block_caller.rb","lineno":9,"method":"call_block"}],"exception":{"class":"StandardError","message":"Test
        error from Lapsoss","description":"Test error from Lapsoss"}}},"level":"info","timestamp":1753644945,"code_version":null,"platform":"ruby","language":"ruby","framework":"rails","server":{"host":"Periscope.local","root":"/path/to/project/lapsoss/test/dummy","branch":"master","code_version":"cbade817a19bbfb38185b64295c379a42aa7ab45"},"person":null,"request":null,"custom":{}}}'
    headers:
      User-Agent:
      - lapsoss/0.2.0
      Content-Type:
      - application/json
      X-Rollbar-Access-Token:
      - "<ROLLBAR_ACCESS_TOKEN>"
      Accept-Encoding:
      - gzip;q=1.0,deflate;q=0.6,identity;q=0.3
      Accept:
      - "*/*"
  response:
    status:
      code: 401
      message: Unauthorized
    headers:
      Server:
      - nginx/1.17.9
      Date:
      - Sun, 27 Jul 2025 19:35:45 GMT
      Content-Type:
      - application/json; charset=utf-8
      Content-Length:
      - '51'
      Access-Control-Allow-Origin:
      - "*"
      Access-Control-Allow-Credentials:
      - 'true'
      Etag:
      - W/"33-B1+irAWVS0vJXv2TX/BEXA"
      X-Response-Time:
      - 2.848ms
      Via:
      - 1.1 google
      Alt-Svc:
      - h3=":443"; ma=2592000,h3-29=":443"; ma=2592000
    body:
      encoding: UTF-8
      string: |-
        {
          "err": 1,
          "message": "invalid access token"
        }
  recorded_at: Sun, 27 Jul 2025 19:35:45 GMT
- request:
    method: post
    uri: https://api.rollbar.com/api/1/item/
    body:
      encoding: UTF-8
      string: '{"data":{"environment":"development","body":{"trace":{"frames":[{"filename":"rails/test_unit/line_filtering.rb","lineno":10,"method":"run"},{"filename":"active_support/execution_wrapper.rb","lineno":104,"method":"perform"},{"filename":"active_support/executor/test_helper.rb","lineno":5,"method":"run"},{"filename":"rollbar_adapter_test.rb","lineno":11,"method":"block
        in \u003cclass:RollbarAdapterTest\u003e"},{"filename":"vcr.rb","lineno":194,"method":"use_cassette"},{"filename":"vcr/util/variable_args_block_caller.rb","lineno":9,"method":"call_block"}],"exception":{"class":"StandardError","message":"Test
        error from Lapsoss","description":"Test error from Lapsoss"}}},"level":"info","timestamp":1753651539,"code_version":null,"platform":"ruby","language":"ruby","framework":"rails","server":{"host":"Periscope.local","root":"/path/to/project/lapsoss/test/dummy","branch":"master","code_version":"cbade817a19bbfb38185b64295c379a42aa7ab45"},"person":null,"request":null,"custom":{}}}'
    headers:
      User-Agent:
      - lapsoss/0.2.0
      Content-Type:
      - application/json
      X-Rollbar-Access-Token:
      - "<ROLLBAR_ACCESS_TOKEN>"
      Accept-Encoding:
      - gzip;q=1.0,deflate;q=0.6,identity;q=0.3
      Accept:
      - "*/*"
  response:
    status:
      code: 401
      message: Unauthorized
    headers:
      Server:
      - nginx/1.17.9
      Date:
      - Sun, 27 Jul 2025 21:25:39 GMT
      Content-Type:
      - application/json; charset=utf-8
      Content-Length:
      - '51'
      Access-Control-Allow-Origin:
      - "*"
      Access-Control-Allow-Credentials:
      - 'true'
      Etag:
      - W/"33-B1+irAWVS0vJXv2TX/BEXA"
      X-Response-Time:
      - 2.677ms
      Via:
      - 1.1 google
      Alt-Svc:
      - h3=":443"; ma=2592000,h3-29=":443"; ma=2592000
    body:
      encoding: UTF-8
      string: |-
        {
          "err": 1,
          "message": "invalid access token"
        }
  recorded_at: Sun, 27 Jul 2025 21:25:39 GMT
- request:
    method: post
    uri: https://api.rollbar.com/api/1/item/
    body:
      encoding: UTF-8
      string: '{"data":{"environment":"production","body":{"trace":{"frames":[{"filename":"active_support/execution_wrapper.rb","lineno":104,"method":"ActiveSupport::ExecutionWrapper.perform"},{"filename":"active_support/executor/test_helper.rb","lineno":5,"method":"block
        in ActiveSupport::Executor::TestHelper#run"},{"filename":"minitest/test.rb","lineno":88,"method":"Minitest::Test#run"},{"filename":"minitest.rb","lineno":368,"method":"Minitest::Runnable#time_it"},{"filename":"minitest/test.rb","lineno":89,"method":"block
        in Minitest::Test#run"},{"filename":"minitest/test.rb","lineno":190,"method":"Minitest::Test#capture_exceptions"},{"filename":"minitest/test.rb","lineno":94,"method":"block
        (2 levels) in Minitest::Test#run"},{"filename":"rollbar_adapter_test.rb","lineno":11,"method":"block
        in \u003cclass:RollbarAdapterTest\u003e"},{"filename":"vcr.rb","lineno":194,"method":"VCR#use_cassette"},{"filename":"vcr/util/variable_args_block_caller.rb","lineno":9,"method":"VCR::VariableArgsBlockCaller#call_block"}],"exception":{"class":"StandardError","message":"Test
        error from Lapsoss","description":"Test error from Lapsoss"}}},"level":"info","timestamp":1757361501,"code_version":"4f30e039e697f8baa012452571f2e43c6474fb99","platform":"ruby","language":"ruby","framework":"rails","server":{"host":"Periscope.local","root":"/path/to/project/lapsoss/test/dummy","branch":"master","code_version":"4f30e039e697f8baa012452571f2e43c6474fb99"}}}'
    headers:
      User-Agent:
      - Lapsoss/0.3.1 Ruby/3.4.5 Rails/8.0.2
      Content-Type:
      - application/json
      X-Lapsoss-Version:
      - 0.3.1
      X-Rollbar-Access-Token:
      - "<ROLLBAR_ACCESS_TOKEN>"
      Accept-Encoding:
      - gzip;q=1.0,deflate;q=0.6,identity;q=0.3
      Accept:
      - "*/*"
  response:
    status:
      code: 401
      message: Unauthorized
    headers:
      Server:
      - nginx/1.17.9
      Date:
      - Mon, 08 Sep 2025 19:58:21 GMT
      Content-Type:
      - application/json; charset=utf-8
      Content-Length:
      - '51'
      Access-Control-Allow-Origin:
      - "*"
      Access-Control-Allow-Credentials:
      - 'true'
      Etag:
      - W/"33-B1+irAWVS0vJXv2TX/BEXA"
      X-Response-Time:
      - 1.601ms
      Via:
      - 1.1 google
      Alt-Svc:
      - h3=":443"; ma=2592000,h3-29=":443"; ma=2592000
    body:
      encoding: UTF-8
      string: |-
        {
          "err": 1,
          "message": "invalid access token"
        }
  recorded_at: Mon, 08 Sep 2025 19:58:21 GMT
- request:
    method: post
    uri: https://api.rollbar.com/api/1/item/
    body:
      encoding: UTF-8
      string: '{"data":{"environment":"production","body":{"trace":{"frames":[{"filename":"active_support/execution_wrapper.rb","lineno":104,"method":"ActiveSupport::ExecutionWrapper.perform"},{"filename":"active_support/executor/test_helper.rb","lineno":5,"method":"block
        in ActiveSupport::Executor::TestHelper#run"},{"filename":"minitest/test.rb","lineno":88,"method":"Minitest::Test#run"},{"filename":"minitest.rb","lineno":368,"method":"Minitest::Runnable#time_it"},{"filename":"minitest/test.rb","lineno":89,"method":"block
        in Minitest::Test#run"},{"filename":"minitest/test.rb","lineno":190,"method":"Minitest::Test#capture_exceptions"},{"filename":"minitest/test.rb","lineno":94,"method":"block
        (2 levels) in Minitest::Test#run"},{"filename":"rollbar_adapter_test.rb","lineno":11,"method":"block
        in \u003cclass:RollbarAdapterTest\u003e"},{"filename":"vcr.rb","lineno":194,"method":"VCR#use_cassette"},{"filename":"vcr/util/variable_args_block_caller.rb","lineno":9,"method":"VCR::VariableArgsBlockCaller#call_block"}],"exception":{"class":"StandardError","message":"Test
        error from Lapsoss","description":"Test error from Lapsoss"}}},"level":"info","timestamp":1757361517,"code_version":"4f30e039e697f8baa012452571f2e43c6474fb99","platform":"ruby","language":"ruby","framework":"rails","server":{"host":"Periscope.local","root":"/path/to/project/lapsoss/test/dummy","branch":"master","code_version":"4f30e039e697f8baa012452571f2e43c6474fb99"}}}'
    headers:
      User-Agent:
      - Lapsoss/0.3.1 Ruby/3.4.5 Rails/8.0.2
      Content-Type:
      - application/json
      X-Lapsoss-Version:
      - 0.3.1
      X-Rollbar-Access-Token:
      - "<ROLLBAR_ACCESS_TOKEN>"
      Accept-Encoding:
      - gzip;q=1.0,deflate;q=0.6,identity;q=0.3
      Accept:
      - "*/*"
  response:
    status:
      code: 401
      message: Unauthorized
    headers:
      Server:
      - nginx/1.17.9
      Date:
      - Mon, 08 Sep 2025 19:58:37 GMT
      Content-Type:
      - application/json; charset=utf-8
      Content-Length:
      - '51'
      Access-Control-Allow-Origin:
      - "*"
      Access-Control-Allow-Credentials:
      - 'true'
      Etag:
      - W/"33-B1+irAWVS0vJXv2TX/BEXA"
      X-Response-Time:
      - 4.403ms
      Via:
      - 1.1 google
      Alt-Svc:
      - h3=":443"; ma=2592000,h3-29=":443"; ma=2592000
    body:
      encoding: UTF-8
      string: |-
        {
          "err": 1,
          "message": "invalid access token"
        }
  recorded_at: Mon, 08 Sep 2025 19:58:37 GMT
- request:
    method: post
    uri: https://api.rollbar.com/api/1/item/
    body:
      encoding: UTF-8
      string: '{"data":{"environment":"production","body":{"trace":{"frames":[{"filename":"active_support/execution_wrapper.rb","lineno":104,"method":"ActiveSupport::ExecutionWrapper.perform"},{"filename":"active_support/executor/test_helper.rb","lineno":5,"method":"block
        in ActiveSupport::Executor::TestHelper#run"},{"filename":"minitest/test.rb","lineno":88,"method":"Minitest::Test#run"},{"filename":"minitest.rb","lineno":368,"method":"Minitest::Runnable#time_it"},{"filename":"minitest/test.rb","lineno":89,"method":"block
        in Minitest::Test#run"},{"filename":"minitest/test.rb","lineno":190,"method":"Minitest::Test#capture_exceptions"},{"filename":"minitest/test.rb","lineno":94,"method":"block
        (2 levels) in Minitest::Test#run"},{"filename":"rollbar_adapter_test.rb","lineno":11,"method":"block
        in \u003cclass:RollbarAdapterTest\u003e"},{"filename":"vcr.rb","lineno":194,"method":"VCR#use_cassette"},{"filename":"vcr/util/variable_args_block_caller.rb","lineno":9,"method":"VCR::VariableArgsBlockCaller#call_block"}],"exception":{"class":"StandardError","message":"Test
        error from Lapsoss","description":"Test error from Lapsoss"}}},"level":"info","timestamp":1757361584,"code_version":"4f30e039e697f8baa012452571f2e43c6474fb99","platform":"ruby","language":"ruby","framework":"rails","server":{"host":"Periscope.local","root":"/path/to/project/lapsoss/test/dummy","branch":"master","code_version":"4f30e039e697f8baa012452571f2e43c6474fb99"}}}'
    headers:
      User-Agent:
      - Lapsoss/0.3.1 Ruby/3.4.5 Rails/8.0.2
      Content-Type:
      - application/json
      X-Lapsoss-Version:
      - 0.3.1
      X-Rollbar-Access-Token:
      - "<ROLLBAR_ACCESS_TOKEN>"
      Accept-Encoding:
      - gzip;q=1.0,deflate;q=0.6,identity;q=0.3
      Accept:
      - "*/*"
  response:
    status:
      code: 401
      message: Unauthorized
    headers:
      Server:
      - nginx/1.17.9
      Date:
      - Mon, 08 Sep 2025 19:59:45 GMT
      Content-Type:
      - application/json; charset=utf-8
      Content-Length:
      - '51'
      Access-Control-Allow-Origin:
      - "*"
      Access-Control-Allow-Credentials:
      - 'true'
      Etag:
      - W/"33-B1+irAWVS0vJXv2TX/BEXA"
      X-Response-Time:
      - 9.149ms
      Via:
      - 1.1 google
      Alt-Svc:
      - h3=":443"; ma=2592000,h3-29=":443"; ma=2592000
    body:
      encoding: UTF-8
      string: |-
        {
          "err": 1,
          "message": "invalid access token"
        }
  recorded_at: Mon, 08 Sep 2025 19:59:45 GMT
- request:
    method: post
    uri: https://api.rollbar.com/api/1/item/
    body:
      encoding: UTF-8
      string: '{"data":{"environment":"production","body":{"trace":{"frames":[{"filename":"active_support/execution_wrapper.rb","lineno":104,"method":"ActiveSupport::ExecutionWrapper.perform"},{"filename":"active_support/executor/test_helper.rb","lineno":5,"method":"block
        in ActiveSupport::Executor::TestHelper#run"},{"filename":"minitest/test.rb","lineno":88,"method":"Minitest::Test#run"},{"filename":"minitest.rb","lineno":368,"method":"Minitest::Runnable#time_it"},{"filename":"minitest/test.rb","lineno":89,"method":"block
        in Minitest::Test#run"},{"filename":"minitest/test.rb","lineno":190,"method":"Minitest::Test#capture_exceptions"},{"filename":"minitest/test.rb","lineno":94,"method":"block
        (2 levels) in Minitest::Test#run"},{"filename":"rollbar_adapter_test.rb","lineno":11,"method":"block
        in \u003cclass:RollbarAdapterTest\u003e"},{"filename":"vcr.rb","lineno":194,"method":"VCR#use_cassette"},{"filename":"vcr/util/variable_args_block_caller.rb","lineno":9,"method":"VCR::VariableArgsBlockCaller#call_block"}],"exception":{"class":"StandardError","message":"Test
        error from Lapsoss","description":"Test error from Lapsoss"}}},"level":"info","timestamp":1757361602,"code_version":"4f30e039e697f8baa012452571f2e43c6474fb99","platform":"ruby","language":"ruby","framework":"rails","server":{"host":"Periscope.local","root":"/path/to/project/lapsoss/test/dummy","branch":"master","code_version":"4f30e039e697f8baa012452571f2e43c6474fb99"}}}'
    headers:
      User-Agent:
      - Lapsoss/0.3.1 Ruby/3.4.5 Rails/8.0.2
      Content-Type:
      - application/json
      X-Lapsoss-Version:
      - 0.3.1
      X-Rollbar-Access-Token:
      - "<ROLLBAR_ACCESS_TOKEN>"
      Accept-Encoding:
      - gzip;q=1.0,deflate;q=0.6,identity;q=0.3
      Accept:
      - "*/*"
  response:
    status:
      code: 401
      message: Unauthorized
    headers:
      Server:
      - nginx/1.17.9
      Date:
      - Mon, 08 Sep 2025 20:00:02 GMT
      Content-Type:
      - application/json; charset=utf-8
      Content-Length:
      - '51'
      Access-Control-Allow-Origin:
      - "*"
      Access-Control-Allow-Credentials:
      - 'true'
      Etag:
      - W/"33-B1+irAWVS0vJXv2TX/BEXA"
      X-Response-Time:
      - 10.129ms
      Via:
      - 1.1 google
      Alt-Svc:
      - h3=":443"; ma=2592000,h3-29=":443"; ma=2592000
    body:
      encoding: UTF-8
      string: |-
        {
          "err": 1,
          "message": "invalid access token"
        }
  recorded_at: Mon, 08 Sep 2025 20:00:02 GMT
- request:
    method: post
    uri: https://api.rollbar.com/api/1/item/
    body:
      encoding: UTF-8
      string: '{"data":{"environment":"production","body":{"trace":{"frames":[{"filename":"active_support/execution_wrapper.rb","lineno":104,"method":"ActiveSupport::ExecutionWrapper.perform"},{"filename":"active_support/executor/test_helper.rb","lineno":5,"method":"block
        in ActiveSupport::Executor::TestHelper#run"},{"filename":"minitest/test.rb","lineno":88,"method":"Minitest::Test#run"},{"filename":"minitest.rb","lineno":368,"method":"Minitest::Runnable#time_it"},{"filename":"minitest/test.rb","lineno":89,"method":"block
        in Minitest::Test#run"},{"filename":"minitest/test.rb","lineno":190,"method":"Minitest::Test#capture_exceptions"},{"filename":"minitest/test.rb","lineno":94,"method":"block
        (2 levels) in Minitest::Test#run"},{"filename":"rollbar_adapter_test.rb","lineno":11,"method":"block
        in \u003cclass:RollbarAdapterTest\u003e"},{"filename":"vcr.rb","lineno":194,"method":"VCR#use_cassette"},{"filename":"vcr/util/variable_args_block_caller.rb","lineno":9,"method":"VCR::VariableArgsBlockCaller#call_block"}],"exception":{"class":"StandardError","message":"Test
        error from Lapsoss","description":"Test error from Lapsoss"}}},"level":"info","timestamp":1757362001,"code_version":"4f30e039e697f8baa012452571f2e43c6474fb99","platform":"ruby","language":"ruby","framework":"rails","server":{"host":"Periscope.local","root":"/path/to/project/lapsoss/test/dummy","branch":"master","code_version":"4f30e039e697f8baa012452571f2e43c6474fb99"}}}'
    headers:
      User-Agent:
      - Lapsoss/0.3.1 Ruby/3.4.5 Rails/8.0.2
      Content-Type:
      - application/json
      X-Lapsoss-Version:
      - 0.3.1
      X-Rollbar-Access-Token:
      - "<ROLLBAR_ACCESS_TOKEN>"
      Accept-Encoding:
      - gzip;q=1.0,deflate;q=0.6,identity;q=0.3
      Accept:
      - "*/*"
  response:
    status:
      code: 401
      message: Unauthorized
    headers:
      Server:
      - nginx/1.17.9
      Date:
      - Mon, 08 Sep 2025 20:06:41 GMT
      Content-Type:
      - application/json; charset=utf-8
      Content-Length:
      - '51'
      Access-Control-Allow-Origin:
      - "*"
      Access-Control-Allow-Credentials:
      - 'true'
      Etag:
      - W/"33-B1+irAWVS0vJXv2TX/BEXA"
      X-Response-Time:
      - 1.126ms
      Via:
      - 1.1 google
      Alt-Svc:
      - h3=":443"; ma=2592000,h3-29=":443"; ma=2592000
    body:
      encoding: UTF-8
      string: |-
        {
          "err": 1,
          "message": "invalid access token"
        }
  recorded_at: Mon, 08 Sep 2025 20:06:41 GMT
- request:
    method: post
    uri: https://api.rollbar.com/api/1/item/
    body:
      encoding: UTF-8
      string: '{"data":{"environment":"production","body":{"trace":{"frames":[{"filename":"active_support/execution_wrapper.rb","lineno":104,"method":"ActiveSupport::ExecutionWrapper.perform"},{"filename":"active_support/executor/test_helper.rb","lineno":5,"method":"block
        in ActiveSupport::Executor::TestHelper#run"},{"filename":"minitest/test.rb","lineno":88,"method":"Minitest::Test#run"},{"filename":"minitest.rb","lineno":368,"method":"Minitest::Runnable#time_it"},{"filename":"minitest/test.rb","lineno":89,"method":"block
        in Minitest::Test#run"},{"filename":"minitest/test.rb","lineno":190,"method":"Minitest::Test#capture_exceptions"},{"filename":"minitest/test.rb","lineno":94,"method":"block
        (2 levels) in Minitest::Test#run"},{"filename":"rollbar_adapter_test.rb","lineno":11,"method":"block
        in \u003cclass:RollbarAdapterTest\u003e"},{"filename":"vcr.rb","lineno":194,"method":"VCR#use_cassette"},{"filename":"vcr/util/variable_args_block_caller.rb","lineno":9,"method":"VCR::VariableArgsBlockCaller#call_block"}],"exception":{"class":"StandardError","message":"Test
        error from Lapsoss","description":"Test error from Lapsoss"}}},"level":"info","timestamp":1757362029,"code_version":"4f30e039e697f8baa012452571f2e43c6474fb99","platform":"ruby","language":"ruby","framework":"rails","server":{"host":"Periscope.local","root":"/path/to/project/lapsoss/test/dummy","branch":"master","code_version":"4f30e039e697f8baa012452571f2e43c6474fb99"}}}'
    headers:
      User-Agent:
      - Lapsoss/0.3.1 Ruby/3.4.5 Rails/8.0.2
      Content-Type:
      - application/json
      X-Lapsoss-Version:
      - 0.3.1
      X-Rollbar-Access-Token:
      - "<ROLLBAR_ACCESS_TOKEN>"
      Accept-Encoding:
      - gzip;q=1.0,deflate;q=0.6,identity;q=0.3
      Accept:
      - "*/*"
  response:
    status:
      code: 401
      message: Unauthorized
    headers:
      Server:
      - nginx/1.17.9
      Date:
      - Mon, 08 Sep 2025 20:07:09 GMT
      Content-Type:
      - application/json; charset=utf-8
      Content-Length:
      - '51'
      Access-Control-Allow-Origin:
      - "*"
      Access-Control-Allow-Credentials:
      - 'true'
      Etag:
      - W/"33-B1+irAWVS0vJXv2TX/BEXA"
      X-Response-Time:
      - 1.455ms
      Via:
      - 1.1 google
      Alt-Svc:
      - h3=":443"; ma=2592000,h3-29=":443"; ma=2592000
    body:
      encoding: UTF-8
      string: |-
        {
          "err": 1,
          "message": "invalid access token"
        }
  recorded_at: Mon, 08 Sep 2025 20:07:09 GMT
- request:
    method: post
    uri: https://api.rollbar.com/api/1/item/
    body:
      encoding: UTF-8
      string: '{"data":{"environment":"production","body":{"trace":{"frames":[{"filename":"active_support/execution_wrapper.rb","lineno":104,"method":"ActiveSupport::ExecutionWrapper.perform"},{"filename":"active_support/executor/test_helper.rb","lineno":5,"method":"block
        in ActiveSupport::Executor::TestHelper#run"},{"filename":"minitest/test.rb","lineno":88,"method":"Minitest::Test#run"},{"filename":"minitest.rb","lineno":368,"method":"Minitest::Runnable#time_it"},{"filename":"minitest/test.rb","lineno":89,"method":"block
        in Minitest::Test#run"},{"filename":"minitest/test.rb","lineno":190,"method":"Minitest::Test#capture_exceptions"},{"filename":"minitest/test.rb","lineno":94,"method":"block
        (2 levels) in Minitest::Test#run"},{"filename":"rollbar_adapter_test.rb","lineno":11,"method":"block
        in \u003cclass:RollbarAdapterTest\u003e"},{"filename":"vcr.rb","lineno":194,"method":"VCR#use_cassette"},{"filename":"vcr/util/variable_args_block_caller.rb","lineno":9,"method":"VCR::VariableArgsBlockCaller#call_block"}],"exception":{"class":"StandardError","message":"Test
        error from Lapsoss","description":"Test error from Lapsoss"}}},"level":"info","timestamp":1757362132,"code_version":"4f30e039e697f8baa012452571f2e43c6474fb99","platform":"ruby","language":"ruby","framework":"rails","server":{"host":"Periscope.local","root":"/path/to/project/lapsoss/test/dummy","branch":"master","code_version":"4f30e039e697f8baa012452571f2e43c6474fb99"}}}'
    headers:
      User-Agent:
      - Lapsoss/0.3.1 Ruby/3.4.5 Rails/8.0.2
      Content-Type:
      - application/json
      X-Lapsoss-Version:
      - 0.3.1
      X-Rollbar-Access-Token:
      - "<ROLLBAR_ACCESS_TOKEN>"
      Accept-Encoding:
      - gzip;q=1.0,deflate;q=0.6,identity;q=0.3
      Accept:
      - "*/*"
  response:
    status:
      code: 401
      message: Unauthorized
    headers:
      Server:
      - nginx/1.17.9
      Date:
      - Mon, 08 Sep 2025 20:08:53 GMT
      Content-Type:
      - application/json; charset=utf-8
      Content-Length:
      - '51'
      Access-Control-Allow-Origin:
      - "*"
      Access-Control-Allow-Credentials:
      - 'true'
      Etag:
      - W/"33-B1+irAWVS0vJXv2TX/BEXA"
      X-Response-Time:
      - 12.457ms
      Via:
      - 1.1 google
      Alt-Svc:
      - h3=":443"; ma=2592000,h3-29=":443"; ma=2592000
    body:
      encoding: UTF-8
      string: |-
        {
          "err": 1,
          "message": "invalid access token"
        }
  recorded_at: Mon, 08 Sep 2025 20:08:53 GMT
- request:
    method: post
    uri: https://api.rollbar.com/api/1/item/
    body:
      encoding: UTF-8
      string: '{"data":{"environment":"production","body":{"trace":{"frames":[{"filename":"active_support/execution_wrapper.rb","lineno":104,"method":"ActiveSupport::ExecutionWrapper.perform"},{"filename":"active_support/executor/test_helper.rb","lineno":5,"method":"block
        in ActiveSupport::Executor::TestHelper#run"},{"filename":"minitest/test.rb","lineno":88,"method":"Minitest::Test#run"},{"filename":"minitest.rb","lineno":368,"method":"Minitest::Runnable#time_it"},{"filename":"minitest/test.rb","lineno":89,"method":"block
        in Minitest::Test#run"},{"filename":"minitest/test.rb","lineno":190,"method":"Minitest::Test#capture_exceptions"},{"filename":"minitest/test.rb","lineno":94,"method":"block
        (2 levels) in Minitest::Test#run"},{"filename":"rollbar_adapter_test.rb","lineno":11,"method":"block
        in \u003cclass:RollbarAdapterTest\u003e"},{"filename":"vcr.rb","lineno":194,"method":"VCR#use_cassette"},{"filename":"vcr/util/variable_args_block_caller.rb","lineno":9,"method":"VCR::VariableArgsBlockCaller#call_block"}],"exception":{"class":"StandardError","message":"Test
        error from Lapsoss","description":"Test error from Lapsoss"}}},"level":"info","timestamp":1757362142,"code_version":"4f30e039e697f8baa012452571f2e43c6474fb99","platform":"ruby","language":"ruby","framework":"rails","server":{"host":"Periscope.local","root":"/path/to/project/lapsoss/test/dummy","branch":"master","code_version":"4f30e039e697f8baa012452571f2e43c6474fb99"}}}'
    headers:
      User-Agent:
      - Lapsoss/0.3.1 Ruby/3.4.5 Rails/8.0.2
      Content-Type:
      - application/json
      X-Lapsoss-Version:
      - 0.3.1
      X-Rollbar-Access-Token:
      - "<ROLLBAR_ACCESS_TOKEN>"
      Accept-Encoding:
      - gzip;q=1.0,deflate;q=0.6,identity;q=0.3
      Accept:
      - "*/*"
  response:
    status:
      code: 401
      message: Unauthorized
    headers:
      Server:
      - nginx/1.17.9
      Date:
      - Mon, 08 Sep 2025 20:09:02 GMT
      Content-Type:
      - application/json; charset=utf-8
      Content-Length:
      - '51'
      Access-Control-Allow-Origin:
      - "*"
      Access-Control-Allow-Credentials:
      - 'true'
      Etag:
      - W/"33-B1+irAWVS0vJXv2TX/BEXA"
      X-Response-Time:
      - 5.818ms
      Via:
      - 1.1 google
      Alt-Svc:
      - h3=":443"; ma=2592000,h3-29=":443"; ma=2592000
    body:
      encoding: UTF-8
      string: |-
        {
          "err": 1,
          "message": "invalid access token"
        }
  recorded_at: Mon, 08 Sep 2025 20:09:02 GMT
- request:
    method: post
    uri: https://api.rollbar.com/api/1/item/
    body:
      encoding: UTF-8
      string: '{"data":{"environment":"production","body":{"trace":{"frames":[{"filename":"active_support/execution_wrapper.rb","lineno":104,"method":"ActiveSupport::ExecutionWrapper.perform"},{"filename":"active_support/executor/test_helper.rb","lineno":5,"method":"block
        in ActiveSupport::Executor::TestHelper#run"},{"filename":"minitest/test.rb","lineno":88,"method":"Minitest::Test#run"},{"filename":"minitest.rb","lineno":368,"method":"Minitest::Runnable#time_it"},{"filename":"minitest/test.rb","lineno":89,"method":"block
        in Minitest::Test#run"},{"filename":"minitest/test.rb","lineno":190,"method":"Minitest::Test#capture_exceptions"},{"filename":"minitest/test.rb","lineno":94,"method":"block
        (2 levels) in Minitest::Test#run"},{"filename":"rollbar_adapter_test.rb","lineno":11,"method":"block
        in \u003cclass:RollbarAdapterTest\u003e"},{"filename":"vcr.rb","lineno":194,"method":"VCR#use_cassette"},{"filename":"vcr/util/variable_args_block_caller.rb","lineno":9,"method":"VCR::VariableArgsBlockCaller#call_block"}],"exception":{"class":"StandardError","message":"Test
        error from Lapsoss","description":"Test error from Lapsoss"}}},"level":"info","timestamp":1757362158,"code_version":"4f30e039e697f8baa012452571f2e43c6474fb99","platform":"ruby","language":"ruby","framework":"rails","server":{"host":"Periscope.local","root":"/path/to/project/lapsoss/test/dummy","branch":"master","code_version":"4f30e039e697f8baa012452571f2e43c6474fb99"}}}'
    headers:
      User-Agent:
      - Lapsoss/0.3.1 Ruby/3.4.5 Rails/8.0.2
      Content-Type:
      - application/json
      X-Lapsoss-Version:
      - 0.3.1
      X-Rollbar-Access-Token:
      - "<ROLLBAR_ACCESS_TOKEN>"
      Accept-Encoding:
      - gzip;q=1.0,deflate;q=0.6,identity;q=0.3
      Accept:
      - "*/*"
  response:
    status:
      code: 401
      message: Unauthorized
    headers:
      Server:
      - nginx/1.17.9
      Date:
      - Mon, 08 Sep 2025 20:09:18 GMT
      Content-Type:
      - application/json; charset=utf-8
      Content-Length:
      - '51'
      Access-Control-Allow-Origin:
      - "*"
      Access-Control-Allow-Credentials:
      - 'true'
      Etag:
      - W/"33-B1+irAWVS0vJXv2TX/BEXA"
      X-Response-Time:
      - 4.846ms
      Via:
      - 1.1 google
      Alt-Svc:
      - h3=":443"; ma=2592000,h3-29=":443"; ma=2592000
    body:
      encoding: UTF-8
      string: |-
        {
          "err": 1,
          "message": "invalid access token"
        }
  recorded_at: Mon, 08 Sep 2025 20:09:18 GMT
- request:
    method: post
    uri: https://api.rollbar.com/api/1/item/
    body:
      encoding: UTF-8
      string: '{"data":{"environment":"production","body":{"trace":{"frames":[{"filename":"active_support/execution_wrapper.rb","lineno":104,"method":"ActiveSupport::ExecutionWrapper.perform"},{"filename":"active_support/executor/test_helper.rb","lineno":5,"method":"block
        in ActiveSupport::Executor::TestHelper#run"},{"filename":"minitest/test.rb","lineno":88,"method":"Minitest::Test#run"},{"filename":"minitest.rb","lineno":368,"method":"Minitest::Runnable#time_it"},{"filename":"minitest/test.rb","lineno":89,"method":"block
        in Minitest::Test#run"},{"filename":"minitest/test.rb","lineno":190,"method":"Minitest::Test#capture_exceptions"},{"filename":"minitest/test.rb","lineno":94,"method":"block
        (2 levels) in Minitest::Test#run"},{"filename":"rollbar_adapter_test.rb","lineno":11,"method":"block
        in \u003cclass:RollbarAdapterTest\u003e"},{"filename":"vcr.rb","lineno":194,"method":"VCR#use_cassette"},{"filename":"vcr/util/variable_args_block_caller.rb","lineno":9,"method":"VCR::VariableArgsBlockCaller#call_block"}],"exception":{"class":"StandardError","message":"Test
        error from Lapsoss","description":"Test error from Lapsoss"}}},"level":"info","timestamp":1757362171,"code_version":"4f30e039e697f8baa012452571f2e43c6474fb99","platform":"ruby","language":"ruby","framework":"rails","server":{"host":"Periscope.local","root":"/path/to/project/lapsoss/test/dummy","branch":"master","code_version":"4f30e039e697f8baa012452571f2e43c6474fb99"}}}'
    headers:
      User-Agent:
      - Lapsoss/0.3.1 Ruby/3.4.5 Rails/8.0.2
      Content-Type:
      - application/json
      X-Lapsoss-Version:
      - 0.3.1
      X-Rollbar-Access-Token:
      - "<ROLLBAR_ACCESS_TOKEN>"
      Accept-Encoding:
      - gzip;q=1.0,deflate;q=0.6,identity;q=0.3
      Accept:
      - "*/*"
  response:
    status:
      code: 401
      message: Unauthorized
    headers:
      Server:
      - nginx/1.17.9
      Date:
      - Mon, 08 Sep 2025 20:09:31 GMT
      Content-Type:
      - application/json; charset=utf-8
      Content-Length:
      - '51'
      Access-Control-Allow-Origin:
      - "*"
      Access-Control-Allow-Credentials:
      - 'true'
      Etag:
      - W/"33-B1+irAWVS0vJXv2TX/BEXA"
      X-Response-Time:
      - 2.620ms
      Via:
      - 1.1 google
      Alt-Svc:
      - h3=":443"; ma=2592000,h3-29=":443"; ma=2592000
    body:
      encoding: UTF-8
      string: |-
        {
          "err": 1,
          "message": "invalid access token"
        }
  recorded_at: Mon, 08 Sep 2025 20:09:31 GMT
- request:
    method: post
    uri: https://api.rollbar.com/api/1/item/
    body:
      encoding: UTF-8
      string: '{"data":{"environment":"production","body":{"trace":{"frames":[{"filename":"active_support/execution_wrapper.rb","lineno":104,"method":"ActiveSupport::ExecutionWrapper.perform"},{"filename":"active_support/executor/test_helper.rb","lineno":5,"method":"block
        in ActiveSupport::Executor::TestHelper#run"},{"filename":"minitest/test.rb","lineno":88,"method":"Minitest::Test#run"},{"filename":"minitest.rb","lineno":368,"method":"Minitest::Runnable#time_it"},{"filename":"minitest/test.rb","lineno":89,"method":"block
        in Minitest::Test#run"},{"filename":"minitest/test.rb","lineno":190,"method":"Minitest::Test#capture_exceptions"},{"filename":"minitest/test.rb","lineno":94,"method":"block
        (2 levels) in Minitest::Test#run"},{"filename":"rollbar_adapter_test.rb","lineno":11,"method":"block
        in \u003cclass:RollbarAdapterTest\u003e"},{"filename":"vcr.rb","lineno":194,"method":"VCR#use_cassette"},{"filename":"vcr/util/variable_args_block_caller.rb","lineno":9,"method":"VCR::VariableArgsBlockCaller#call_block"}],"exception":{"class":"StandardError","message":"Test
        error from Lapsoss","description":"Test error from Lapsoss"}}},"level":"info","timestamp":1757362186,"code_version":"4f30e039e697f8baa012452571f2e43c6474fb99","platform":"ruby","language":"ruby","framework":"rails","server":{"host":"Periscope.local","root":"/path/to/project/lapsoss/test/dummy","branch":"master","code_version":"4f30e039e697f8baa012452571f2e43c6474fb99"}}}'
    headers:
      User-Agent:
      - Lapsoss/0.3.1 Ruby/3.4.5 Rails/8.0.2
      Content-Type:
      - application/json
      X-Lapsoss-Version:
      - 0.3.1
      X-Rollbar-Access-Token:
      - "<ROLLBAR_ACCESS_TOKEN>"
      Accept-Encoding:
      - gzip;q=1.0,deflate;q=0.6,identity;q=0.3
      Accept:
      - "*/*"
  response:
    status:
      code: 401
      message: Unauthorized
    headers:
      Server:
      - nginx/1.17.9
      Date:
      - Mon, 08 Sep 2025 20:09:48 GMT
      Content-Type:
      - application/json; charset=utf-8
      Content-Length:
      - '51'
      Access-Control-Allow-Origin:
      - "*"
      Access-Control-Allow-Credentials:
      - 'true'
      Etag:
      - W/"33-B1+irAWVS0vJXv2TX/BEXA"
      X-Response-Time:
      - 1.463ms
      Via:
      - 1.1 google
      Alt-Svc:
      - h3=":443"; ma=2592000,h3-29=":443"; ma=2592000
    body:
      encoding: UTF-8
      string: |-
        {
          "err": 1,
          "message": "invalid access token"
        }
  recorded_at: Mon, 08 Sep 2025 20:09:48 GMT
- request:
    method: post
    uri: https://api.rollbar.com/api/1/item/
    body:
      encoding: UTF-8
      string: '{"data":{"environment":"production","body":{"trace":{"frames":[{"filename":"active_support/execution_wrapper.rb","lineno":104,"method":"ActiveSupport::ExecutionWrapper.perform"},{"filename":"active_support/executor/test_helper.rb","lineno":5,"method":"block
        in ActiveSupport::Executor::TestHelper#run"},{"filename":"minitest/test.rb","lineno":88,"method":"Minitest::Test#run"},{"filename":"minitest.rb","lineno":368,"method":"Minitest::Runnable#time_it"},{"filename":"minitest/test.rb","lineno":89,"method":"block
        in Minitest::Test#run"},{"filename":"minitest/test.rb","lineno":190,"method":"Minitest::Test#capture_exceptions"},{"filename":"minitest/test.rb","lineno":94,"method":"block
        (2 levels) in Minitest::Test#run"},{"filename":"rollbar_adapter_test.rb","lineno":11,"method":"block
        in \u003cclass:RollbarAdapterTest\u003e"},{"filename":"vcr.rb","lineno":194,"method":"VCR#use_cassette"},{"filename":"vcr/util/variable_args_block_caller.rb","lineno":9,"method":"VCR::VariableArgsBlockCaller#call_block"}],"exception":{"class":"StandardError","message":"Test
        error from Lapsoss","description":"Test error from Lapsoss"}}},"level":"info","timestamp":1757362298,"code_version":"4f30e039e697f8baa012452571f2e43c6474fb99","platform":"ruby","language":"ruby","framework":"rails","server":{"host":"Periscope.local","root":"/path/to/project/lapsoss/test/dummy","branch":"master","code_version":"4f30e039e697f8baa012452571f2e43c6474fb99"}}}'
    headers:
      User-Agent:
      - Lapsoss/0.3.1 Ruby/3.4.5 Rails/8.0.2
      Content-Type:
      - application/json
      X-Lapsoss-Version:
      - 0.3.1
      X-Rollbar-Access-Token:
      - "<ROLLBAR_ACCESS_TOKEN>"
      Accept-Encoding:
      - gzip;q=1.0,deflate;q=0.6,identity;q=0.3
      Accept:
      - "*/*"
  response:
    status:
      code: 401
      message: Unauthorized
    headers:
      Server:
      - nginx/1.17.9
      Date:
      - Mon, 08 Sep 2025 20:11:38 GMT
      Content-Type:
      - application/json; charset=utf-8
      Content-Length:
      - '51'
      Access-Control-Allow-Origin:
      - "*"
      Access-Control-Allow-Credentials:
      - 'true'
      Etag:
      - W/"33-B1+irAWVS0vJXv2TX/BEXA"
      X-Response-Time:
      - 1.576ms
      Via:
      - 1.1 google
      Alt-Svc:
      - h3=":443"; ma=2592000,h3-29=":443"; ma=2592000
    body:
      encoding: UTF-8
      string: |-
        {
          "err": 1,
          "message": "invalid access token"
        }
  recorded_at: Mon, 08 Sep 2025 20:11:38 GMT
- request:
    method: post
    uri: https://api.rollbar.com/api/1/item/
    body:
      encoding: UTF-8
      string: '{"data":{"environment":"production","body":{"trace":{"frames":[{"filename":"active_support/execution_wrapper.rb","lineno":104,"method":"ActiveSupport::ExecutionWrapper.perform"},{"filename":"active_support/executor/test_helper.rb","lineno":5,"method":"block
        in ActiveSupport::Executor::TestHelper#run"},{"filename":"minitest/test.rb","lineno":88,"method":"Minitest::Test#run"},{"filename":"minitest.rb","lineno":368,"method":"Minitest::Runnable#time_it"},{"filename":"minitest/test.rb","lineno":89,"method":"block
        in Minitest::Test#run"},{"filename":"minitest/test.rb","lineno":190,"method":"Minitest::Test#capture_exceptions"},{"filename":"minitest/test.rb","lineno":94,"method":"block
        (2 levels) in Minitest::Test#run"},{"filename":"rollbar_adapter_test.rb","lineno":11,"method":"block
        in \u003cclass:RollbarAdapterTest\u003e"},{"filename":"vcr.rb","lineno":194,"method":"VCR#use_cassette"},{"filename":"vcr/util/variable_args_block_caller.rb","lineno":9,"method":"VCR::VariableArgsBlockCaller#call_block"}],"exception":{"class":"StandardError","message":"Test
        error from Lapsoss","description":"Test error from Lapsoss"}}},"level":"info","timestamp":1757362313,"code_version":"4f30e039e697f8baa012452571f2e43c6474fb99","platform":"ruby","language":"ruby","framework":"rails","server":{"host":"Periscope.local","root":"/path/to/project/lapsoss/test/dummy","branch":"master","code_version":"4f30e039e697f8baa012452571f2e43c6474fb99"}}}'
    headers:
      User-Agent:
      - Lapsoss/0.3.1 Ruby/3.4.5 Rails/8.0.2
      Content-Type:
      - application/json
      X-Lapsoss-Version:
      - 0.3.1
      X-Rollbar-Access-Token:
      - "<ROLLBAR_ACCESS_TOKEN>"
      Accept-Encoding:
      - gzip;q=1.0,deflate;q=0.6,identity;q=0.3
      Accept:
      - "*/*"
  response:
    status:
      code: 401
      message: Unauthorized
    headers:
      Server:
      - nginx/1.17.9
      Date:
      - Mon, 08 Sep 2025 20:11:54 GMT
      Content-Type:
      - application/json; charset=utf-8
      Content-Length:
      - '51'
      Access-Control-Allow-Origin:
      - "*"
      Access-Control-Allow-Credentials:
      - 'true'
      Etag:
      - W/"33-B1+irAWVS0vJXv2TX/BEXA"
      X-Response-Time:
      - 3.277ms
      Via:
      - 1.1 google
      Alt-Svc:
      - h3=":443"; ma=2592000,h3-29=":443"; ma=2592000
    body:
      encoding: UTF-8
      string: |-
        {
          "err": 1,
          "message": "invalid access token"
        }
  recorded_at: Mon, 08 Sep 2025 20:11:53 GMT
- request:
    method: post
    uri: https://api.rollbar.com/api/1/item/
    body:
      encoding: UTF-8
      string: '{"data":{"environment":"production","body":{"trace":{"frames":[{"filename":"active_support/execution_wrapper.rb","lineno":104,"method":"ActiveSupport::ExecutionWrapper.perform"},{"filename":"active_support/executor/test_helper.rb","lineno":5,"method":"block
        in ActiveSupport::Executor::TestHelper#run"},{"filename":"minitest/test.rb","lineno":88,"method":"Minitest::Test#run"},{"filename":"minitest.rb","lineno":368,"method":"Minitest::Runnable#time_it"},{"filename":"minitest/test.rb","lineno":89,"method":"block
        in Minitest::Test#run"},{"filename":"minitest/test.rb","lineno":190,"method":"Minitest::Test#capture_exceptions"},{"filename":"minitest/test.rb","lineno":94,"method":"block
        (2 levels) in Minitest::Test#run"},{"filename":"rollbar_adapter_test.rb","lineno":11,"method":"block
        in \u003cclass:RollbarAdapterTest\u003e"},{"filename":"vcr.rb","lineno":194,"method":"VCR#use_cassette"},{"filename":"vcr/util/variable_args_block_caller.rb","lineno":9,"method":"VCR::VariableArgsBlockCaller#call_block"}],"exception":{"class":"StandardError","message":"Test
        error from Lapsoss","description":"Test error from Lapsoss"}}},"level":"info","timestamp":1757362333,"code_version":"4f30e039e697f8baa012452571f2e43c6474fb99","platform":"ruby","language":"ruby","framework":"rails","server":{"host":"Periscope.local","root":"/path/to/project/lapsoss/test/dummy","branch":"master","code_version":"4f30e039e697f8baa012452571f2e43c6474fb99"}}}'
    headers:
      User-Agent:
      - Lapsoss/0.3.1 Ruby/3.4.5 Rails/8.0.2
      Content-Type:
      - application/json
      X-Lapsoss-Version:
      - 0.3.1
      X-Rollbar-Access-Token:
      - "<ROLLBAR_ACCESS_TOKEN>"
      Accept-Encoding:
      - gzip;q=1.0,deflate;q=0.6,identity;q=0.3
      Accept:
      - "*/*"
  response:
    status:
      code: 401
      message: Unauthorized
    headers:
      Server:
      - nginx/1.17.9
      Date:
      - Mon, 08 Sep 2025 20:12:13 GMT
      Content-Type:
      - application/json; charset=utf-8
      Content-Length:
      - '51'
      Access-Control-Allow-Origin:
      - "*"
      Access-Control-Allow-Credentials:
      - 'true'
      Etag:
      - W/"33-B1+irAWVS0vJXv2TX/BEXA"
      X-Response-Time:
      - 10.421ms
      Via:
      - 1.1 google
      Alt-Svc:
      - h3=":443"; ma=2592000,h3-29=":443"; ma=2592000
    body:
      encoding: UTF-8
      string: |-
        {
          "err": 1,
          "message": "invalid access token"
        }
  recorded_at: Mon, 08 Sep 2025 20:12:13 GMT
- request:
    method: post
    uri: https://api.rollbar.com/api/1/item/
    body:
      encoding: UTF-8
      string: '{"data":{"environment":"production","body":{"trace":{"frames":[{"filename":"active_support/execution_wrapper.rb","lineno":104,"method":"ActiveSupport::ExecutionWrapper.perform"},{"filename":"active_support/executor/test_helper.rb","lineno":5,"method":"block
        in ActiveSupport::Executor::TestHelper#run"},{"filename":"minitest/test.rb","lineno":88,"method":"Minitest::Test#run"},{"filename":"minitest.rb","lineno":368,"method":"Minitest::Runnable#time_it"},{"filename":"minitest/test.rb","lineno":89,"method":"block
        in Minitest::Test#run"},{"filename":"minitest/test.rb","lineno":190,"method":"Minitest::Test#capture_exceptions"},{"filename":"minitest/test.rb","lineno":94,"method":"block
        (2 levels) in Minitest::Test#run"},{"filename":"rollbar_adapter_test.rb","lineno":11,"method":"block
        in \u003cclass:RollbarAdapterTest\u003e"},{"filename":"vcr.rb","lineno":194,"method":"VCR#use_cassette"},{"filename":"vcr/util/variable_args_block_caller.rb","lineno":9,"method":"VCR::VariableArgsBlockCaller#call_block"}],"exception":{"class":"StandardError","message":"Test
        error from Lapsoss","description":"Test error from Lapsoss"}}},"level":"info","timestamp":1757362611,"code_version":"4f30e039e697f8baa012452571f2e43c6474fb99","platform":"ruby","language":"ruby","framework":"rails","server":{"host":"Periscope.local","root":"/path/to/project/lapsoss/test/dummy","branch":"master","code_version":"4f30e039e697f8baa012452571f2e43c6474fb99"}}}'
    headers:
      User-Agent:
      - Lapsoss/0.3.1 Ruby/3.4.5 Rails/8.0.2
      Content-Type:
      - application/json
      X-Lapsoss-Version:
      - 0.3.1
      X-Rollbar-Access-Token:
      - "<ROLLBAR_ACCESS_TOKEN>"
      Accept-Encoding:
      - gzip;q=1.0,deflate;q=0.6,identity;q=0.3
      Accept:
      - "*/*"
  response:
    status:
      code: 401
      message: Unauthorized
    headers:
      Server:
      - nginx/1.17.9
      Date:
      - Mon, 08 Sep 2025 20:16:51 GMT
      Content-Type:
      - application/json; charset=utf-8
      Content-Length:
      - '51'
      Access-Control-Allow-Origin:
      - "*"
      Access-Control-Allow-Credentials:
      - 'true'
      Etag:
      - W/"33-B1+irAWVS0vJXv2TX/BEXA"
      X-Response-Time:
      - 1.673ms
      Via:
      - 1.1 google
      Alt-Svc:
      - h3=":443"; ma=2592000,h3-29=":443"; ma=2592000
    body:
      encoding: UTF-8
      string: |-
        {
          "err": 1,
          "message": "invalid access token"
        }
  recorded_at: Mon, 08 Sep 2025 20:16:51 GMT
- request:
    method: post
    uri: https://api.rollbar.com/api/1/item/
    body:
      encoding: UTF-8
      string: '{"data":{"environment":"production","body":{"trace":{"frames":[{"filename":"active_support/execution_wrapper.rb","lineno":104,"method":"ActiveSupport::ExecutionWrapper.perform"},{"filename":"active_support/executor/test_helper.rb","lineno":5,"method":"block
        in ActiveSupport::Executor::TestHelper#run"},{"filename":"minitest/test.rb","lineno":88,"method":"Minitest::Test#run"},{"filename":"minitest.rb","lineno":368,"method":"Minitest::Runnable#time_it"},{"filename":"minitest/test.rb","lineno":89,"method":"block
        in Minitest::Test#run"},{"filename":"minitest/test.rb","lineno":190,"method":"Minitest::Test#capture_exceptions"},{"filename":"minitest/test.rb","lineno":94,"method":"block
        (2 levels) in Minitest::Test#run"},{"filename":"rollbar_adapter_test.rb","lineno":11,"method":"block
        in \u003cclass:RollbarAdapterTest\u003e"},{"filename":"vcr.rb","lineno":194,"method":"VCR#use_cassette"},{"filename":"vcr/util/variable_args_block_caller.rb","lineno":9,"method":"VCR::VariableArgsBlockCaller#call_block"}],"exception":{"class":"StandardError","message":"Test
        error from Lapsoss","description":"Test error from Lapsoss"}}},"level":"info","timestamp":1757362625,"code_version":"4f30e039e697f8baa012452571f2e43c6474fb99","platform":"ruby","language":"ruby","framework":"rails","server":{"host":"Periscope.local","root":"/path/to/project/lapsoss/test/dummy","branch":"master","code_version":"4f30e039e697f8baa012452571f2e43c6474fb99"}}}'
    headers:
      User-Agent:
      - Lapsoss/0.3.1 Ruby/3.4.5 Rails/8.0.2
      Content-Type:
      - application/json
      X-Lapsoss-Version:
      - 0.3.1
      X-Rollbar-Access-Token:
      - "<ROLLBAR_ACCESS_TOKEN>"
      Accept-Encoding:
      - gzip;q=1.0,deflate;q=0.6,identity;q=0.3
      Accept:
      - "*/*"
  response:
    status:
      code: 401
      message: Unauthorized
    headers:
      Server:
      - nginx/1.17.9
      Date:
      - Mon, 08 Sep 2025 20:17:06 GMT
      Content-Type:
      - application/json; charset=utf-8
      Content-Length:
      - '51'
      Access-Control-Allow-Origin:
      - "*"
      Access-Control-Allow-Credentials:
      - 'true'
      Etag:
      - W/"33-B1+irAWVS0vJXv2TX/BEXA"
      X-Response-Time:
      - 3.300ms
      Via:
      - 1.1 google
      Alt-Svc:
      - h3=":443"; ma=2592000,h3-29=":443"; ma=2592000
    body:
      encoding: UTF-8
      string: |-
        {
          "err": 1,
          "message": "invalid access token"
        }
  recorded_at: Mon, 08 Sep 2025 20:17:06 GMT
- request:
    method: post
    uri: https://api.rollbar.com/api/1/item/
    body:
      encoding: UTF-8
      string: '{"data":{"environment":"production","body":{"trace":{"frames":[{"filename":"active_support/execution_wrapper.rb","lineno":104,"method":"ActiveSupport::ExecutionWrapper.perform"},{"filename":"active_support/executor/test_helper.rb","lineno":5,"method":"block
        in ActiveSupport::Executor::TestHelper#run"},{"filename":"minitest/test.rb","lineno":88,"method":"Minitest::Test#run"},{"filename":"minitest.rb","lineno":368,"method":"Minitest::Runnable#time_it"},{"filename":"minitest/test.rb","lineno":89,"method":"block
        in Minitest::Test#run"},{"filename":"minitest/test.rb","lineno":190,"method":"Minitest::Test#capture_exceptions"},{"filename":"minitest/test.rb","lineno":94,"method":"block
        (2 levels) in Minitest::Test#run"},{"filename":"rollbar_adapter_test.rb","lineno":11,"method":"block
        in \u003cclass:RollbarAdapterTest\u003e"},{"filename":"vcr.rb","lineno":194,"method":"VCR#use_cassette"},{"filename":"vcr/util/variable_args_block_caller.rb","lineno":9,"method":"VCR::VariableArgsBlockCaller#call_block"}],"exception":{"class":"StandardError","message":"Test
        error from Lapsoss","description":"Test error from Lapsoss"}}},"level":"info","timestamp":1757362637,"code_version":"4f30e039e697f8baa012452571f2e43c6474fb99","platform":"ruby","language":"ruby","framework":"rails","server":{"host":"Periscope.local","root":"/path/to/project/lapsoss/test/dummy","branch":"master","code_version":"4f30e039e697f8baa012452571f2e43c6474fb99"}}}'
    headers:
      User-Agent:
      - Lapsoss/0.3.1 Ruby/3.4.5 Rails/8.0.2
      Content-Type:
      - application/json
      X-Lapsoss-Version:
      - 0.3.1
      X-Rollbar-Access-Token:
      - "<ROLLBAR_ACCESS_TOKEN>"
      Accept-Encoding:
      - gzip;q=1.0,deflate;q=0.6,identity;q=0.3
      Accept:
      - "*/*"
  response:
    status:
      code: 401
      message: Unauthorized
    headers:
      Server:
      - nginx/1.17.9
      Date:
      - Mon, 08 Sep 2025 20:17:17 GMT
      Content-Type:
      - application/json; charset=utf-8
      Content-Length:
      - '51'
      Access-Control-Allow-Origin:
      - "*"
      Access-Control-Allow-Credentials:
      - 'true'
      Etag:
      - W/"33-B1+irAWVS0vJXv2TX/BEXA"
      X-Response-Time:
      - 7.292ms
      Via:
      - 1.1 google
      Alt-Svc:
      - h3=":443"; ma=2592000,h3-29=":443"; ma=2592000
    body:
      encoding: UTF-8
      string: |-
        {
          "err": 1,
          "message": "invalid access token"
        }
  recorded_at: Mon, 08 Sep 2025 20:17:17 GMT
- request:
    method: post
    uri: https://api.rollbar.com/api/1/item/
    body:
      encoding: UTF-8
      string: '{"data":{"environment":"production","body":{"trace":{"frames":[{"filename":"active_support/execution_wrapper.rb","lineno":104,"method":"ActiveSupport::ExecutionWrapper.perform"},{"filename":"active_support/executor/test_helper.rb","lineno":5,"method":"block
        in ActiveSupport::Executor::TestHelper#run"},{"filename":"minitest/test.rb","lineno":88,"method":"Minitest::Test#run"},{"filename":"minitest.rb","lineno":368,"method":"Minitest::Runnable#time_it"},{"filename":"minitest/test.rb","lineno":89,"method":"block
        in Minitest::Test#run"},{"filename":"minitest/test.rb","lineno":190,"method":"Minitest::Test#capture_exceptions"},{"filename":"minitest/test.rb","lineno":94,"method":"block
        (2 levels) in Minitest::Test#run"},{"filename":"rollbar_adapter_test.rb","lineno":11,"method":"block
        in \u003cclass:RollbarAdapterTest\u003e"},{"filename":"vcr.rb","lineno":194,"method":"VCR#use_cassette"},{"filename":"vcr/util/variable_args_block_caller.rb","lineno":9,"method":"VCR::VariableArgsBlockCaller#call_block"}],"exception":{"class":"StandardError","message":"Test
        error from Lapsoss","description":"Test error from Lapsoss"}}},"level":"info","timestamp":1757362690,"code_version":"4f30e039e697f8baa012452571f2e43c6474fb99","platform":"ruby","language":"ruby","framework":"rails","server":{"host":"Periscope.local","root":"/path/to/project/lapsoss/test/dummy","branch":"master","code_version":"4f30e039e697f8baa012452571f2e43c6474fb99"}}}'
    headers:
      User-Agent:
      - Lapsoss/0.3.1 Ruby/3.4.5 Rails/8.0.2
      Content-Type:
      - application/json
      X-Lapsoss-Version:
      - 0.3.1
      X-Rollbar-Access-Token:
      - "<ROLLBAR_ACCESS_TOKEN>"
      Accept-Encoding:
      - gzip;q=1.0,deflate;q=0.6,identity;q=0.3
      Accept:
      - "*/*"
  response:
    status:
      code: 401
      message: Unauthorized
    headers:
      Server:
      - nginx/1.17.9
      Date:
      - Mon, 08 Sep 2025 20:18:10 GMT
      Content-Type:
      - application/json; charset=utf-8
      Content-Length:
      - '51'
      Access-Control-Allow-Origin:
      - "*"
      Access-Control-Allow-Credentials:
      - 'true'
      Etag:
      - W/"33-B1+irAWVS0vJXv2TX/BEXA"
      X-Response-Time:
      - 3.873ms
      Via:
      - 1.1 google
      Alt-Svc:
      - h3=":443"; ma=2592000,h3-29=":443"; ma=2592000
    body:
      encoding: UTF-8
      string: |-
        {
          "err": 1,
          "message": "invalid access token"
        }
  recorded_at: Mon, 08 Sep 2025 20:18:10 GMT
- request:
    method: post
    uri: https://api.rollbar.com/api/1/item/
    body:
      encoding: UTF-8
      string: '{"data":{"environment":"production","body":{"trace":{"frames":[{"filename":"active_support/execution_wrapper.rb","lineno":104,"method":"ActiveSupport::ExecutionWrapper.perform"},{"filename":"active_support/executor/test_helper.rb","lineno":5,"method":"block
        in ActiveSupport::Executor::TestHelper#run"},{"filename":"minitest/test.rb","lineno":88,"method":"Minitest::Test#run"},{"filename":"minitest.rb","lineno":368,"method":"Minitest::Runnable#time_it"},{"filename":"minitest/test.rb","lineno":89,"method":"block
        in Minitest::Test#run"},{"filename":"minitest/test.rb","lineno":190,"method":"Minitest::Test#capture_exceptions"},{"filename":"minitest/test.rb","lineno":94,"method":"block
        (2 levels) in Minitest::Test#run"},{"filename":"rollbar_adapter_test.rb","lineno":11,"method":"block
        in \u003cclass:RollbarAdapterTest\u003e"},{"filename":"vcr.rb","lineno":194,"method":"VCR#use_cassette"},{"filename":"vcr/util/variable_args_block_caller.rb","lineno":9,"method":"VCR::VariableArgsBlockCaller#call_block"}],"exception":{"class":"StandardError","message":"Test
        error from Lapsoss","description":"Test error from Lapsoss"}}},"level":"info","timestamp":1757362704,"code_version":"4f30e039e697f8baa012452571f2e43c6474fb99","platform":"ruby","language":"ruby","framework":"rails","server":{"host":"Periscope.local","root":"/path/to/project/lapsoss/test/dummy","branch":"master","code_version":"4f30e039e697f8baa012452571f2e43c6474fb99"}}}'
    headers:
      User-Agent:
      - Lapsoss/0.3.1 Ruby/3.4.5 Rails/8.0.2
      Content-Type:
      - application/json
      X-Lapsoss-Version:
      - 0.3.1
      X-Rollbar-Access-Token:
      - "<ROLLBAR_ACCESS_TOKEN>"
      Accept-Encoding:
      - gzip;q=1.0,deflate;q=0.6,identity;q=0.3
      Accept:
      - "*/*"
  response:
    status:
      code: 401
      message: Unauthorized
    headers:
      Server:
      - nginx/1.17.9
      Date:
      - Mon, 08 Sep 2025 20:18:24 GMT
      Content-Type:
      - application/json; charset=utf-8
      Content-Length:
      - '51'
      Access-Control-Allow-Origin:
      - "*"
      Access-Control-Allow-Credentials:
      - 'true'
      Etag:
      - W/"33-B1+irAWVS0vJXv2TX/BEXA"
      X-Response-Time:
      - 4.082ms
      Via:
      - 1.1 google
      Alt-Svc:
      - h3=":443"; ma=2592000,h3-29=":443"; ma=2592000
    body:
      encoding: UTF-8
      string: |-
        {
          "err": 1,
          "message": "invalid access token"
        }
  recorded_at: Mon, 08 Sep 2025 20:18:24 GMT
- request:
    method: post
    uri: https://api.rollbar.com/api/1/item/
    body:
      encoding: UTF-8
      string: '{"data":{"environment":"production","body":{"trace":{"frames":[{"filename":"active_support/execution_wrapper.rb","lineno":104,"method":"ActiveSupport::ExecutionWrapper.perform"},{"filename":"active_support/executor/test_helper.rb","lineno":5,"method":"block
        in ActiveSupport::Executor::TestHelper#run"},{"filename":"minitest/test.rb","lineno":88,"method":"Minitest::Test#run"},{"filename":"minitest.rb","lineno":368,"method":"Minitest::Runnable#time_it"},{"filename":"minitest/test.rb","lineno":89,"method":"block
        in Minitest::Test#run"},{"filename":"minitest/test.rb","lineno":190,"method":"Minitest::Test#capture_exceptions"},{"filename":"minitest/test.rb","lineno":94,"method":"block
        (2 levels) in Minitest::Test#run"},{"filename":"rollbar_adapter_test.rb","lineno":11,"method":"block
        in \u003cclass:RollbarAdapterTest\u003e"},{"filename":"vcr.rb","lineno":194,"method":"VCR#use_cassette"},{"filename":"vcr/util/variable_args_block_caller.rb","lineno":9,"method":"VCR::VariableArgsBlockCaller#call_block"}],"exception":{"class":"StandardError","message":"Test
        error from Lapsoss","description":"Test error from Lapsoss"}}},"level":"info","timestamp":1757362726,"code_version":"4f30e039e697f8baa012452571f2e43c6474fb99","platform":"ruby","language":"ruby","framework":"rails","server":{"host":"Periscope.local","root":"/path/to/project/lapsoss/test/dummy","branch":"master","code_version":"4f30e039e697f8baa012452571f2e43c6474fb99"}}}'
    headers:
      User-Agent:
      - Lapsoss/0.3.1 Ruby/3.4.5 Rails/8.0.2
      Content-Type:
      - application/json
      X-Lapsoss-Version:
      - 0.3.1
      X-Rollbar-Access-Token:
      - "<ROLLBAR_ACCESS_TOKEN>"
      Accept-Encoding:
      - gzip;q=1.0,deflate;q=0.6,identity;q=0.3
      Accept:
      - "*/*"
  response:
    status:
      code: 401
      message: Unauthorized
    headers:
      Server:
      - nginx/1.17.9
      Date:
      - Mon, 08 Sep 2025 20:18:46 GMT
      Content-Type:
      - application/json; charset=utf-8
      Content-Length:
      - '51'
      Access-Control-Allow-Origin:
      - "*"
      Access-Control-Allow-Credentials:
      - 'true'
      Etag:
      - W/"33-B1+irAWVS0vJXv2TX/BEXA"
      X-Response-Time:
      - 3.536ms
      Via:
      - 1.1 google
      Alt-Svc:
      - h3=":443"; ma=2592000,h3-29=":443"; ma=2592000
    body:
      encoding: UTF-8
      string: |-
        {
          "err": 1,
          "message": "invalid access token"
        }
  recorded_at: Mon, 08 Sep 2025 20:18:46 GMT
- request:
    method: post
    uri: https://api.rollbar.com/api/1/item/
    body:
      encoding: UTF-8
      string: '{"data":{"environment":"production","body":{"trace":{"frames":[{"filename":"active_support/execution_wrapper.rb","lineno":104,"method":"ActiveSupport::ExecutionWrapper.perform"},{"filename":"active_support/executor/test_helper.rb","lineno":5,"method":"block
        in ActiveSupport::Executor::TestHelper#run"},{"filename":"minitest/test.rb","lineno":88,"method":"Minitest::Test#run"},{"filename":"minitest.rb","lineno":368,"method":"Minitest::Runnable#time_it"},{"filename":"minitest/test.rb","lineno":89,"method":"block
        in Minitest::Test#run"},{"filename":"minitest/test.rb","lineno":190,"method":"Minitest::Test#capture_exceptions"},{"filename":"minitest/test.rb","lineno":94,"method":"block
        (2 levels) in Minitest::Test#run"},{"filename":"rollbar_adapter_test.rb","lineno":11,"method":"block
        in \u003cclass:RollbarAdapterTest\u003e"},{"filename":"vcr.rb","lineno":194,"method":"VCR#use_cassette"},{"filename":"vcr/util/variable_args_block_caller.rb","lineno":9,"method":"VCR::VariableArgsBlockCaller#call_block"}],"exception":{"class":"StandardError","message":"Test
        error from Lapsoss","description":"Test error from Lapsoss"}}},"level":"info","timestamp":1757362995,"code_version":"4f30e039e697f8baa012452571f2e43c6474fb99","platform":"ruby","language":"ruby","framework":"rails","server":{"host":"Periscope.local","root":"/path/to/project/lapsoss/test/dummy","branch":"master","code_version":"4f30e039e697f8baa012452571f2e43c6474fb99"}}}'
    headers:
      User-Agent:
      - Lapsoss/0.3.1 Ruby/3.4.5 Rails/8.0.2
      Content-Type:
      - application/json
      X-Lapsoss-Version:
      - 0.3.1
      X-Rollbar-Access-Token:
      - "<ROLLBAR_ACCESS_TOKEN>"
      Accept-Encoding:
      - gzip;q=1.0,deflate;q=0.6,identity;q=0.3
      Accept:
      - "*/*"
  response:
    status:
      code: 401
      message: Unauthorized
    headers:
      Server:
      - nginx/1.17.9
      Date:
      - Mon, 08 Sep 2025 20:23:15 GMT
      Content-Type:
      - application/json; charset=utf-8
      Content-Length:
      - '51'
      Access-Control-Allow-Origin:
      - "*"
      Access-Control-Allow-Credentials:
      - 'true'
      Etag:
      - W/"33-B1+irAWVS0vJXv2TX/BEXA"
      X-Response-Time:
      - 1.406ms
      Via:
      - 1.1 google
      Alt-Svc:
      - h3=":443"; ma=2592000,h3-29=":443"; ma=2592000
    body:
      encoding: UTF-8
      string: |-
        {
          "err": 1,
          "message": "invalid access token"
        }
  recorded_at: Mon, 08 Sep 2025 20:23:15 GMT
recorded_with: VCR 6.3.1
